#
# There is insufficient memory for the Java Runtime Environment to continue.
# Native memory allocation (malloc) failed to allocate 1371376 bytes. Error detail: Chunk::new
# Possible reasons:
#   The system is out of physical RAM or swap space
#   This process is running with CompressedOops enabled, and the Java Heap may be blocking the growth of the native heap
# Possible solutions:
#   Reduce memory load on the system
#   Increase physical memory or swap space
#   Check if swap backing store is full
#   Decrease Java heap size (-Xmx/-Xms)
#   Decrease number of Java threads
#   Decrease Java thread stack sizes (-Xss)
#   Set larger code cache with -XX:ReservedCodeCacheSize=
#   JVM is running with Unscaled Compressed Oops mode in which the Java heap is
#     placed in the first 4GB address space. The Java Heap base address is the
#     maximum limit for the native heap growth. Please use -XX:HeapBaseMinAddress
#     to set the Java Heap base and to place the Java Heap above 4GB virtual address.
# This output file may be truncated or incomplete.
#
#  Out of Memory Error (arena.cpp:168), pid=10292, tid=1368
#
# JRE version: OpenJDK Runtime Environment Temurin-21.0.8+9 (21.0.8+9) (build 21.0.8+9-LTS)
# Java VM: OpenJDK 64-Bit Server VM Temurin-21.0.8+9 (21.0.8+9-LTS, mixed mode, sharing, tiered, compressed oops, compressed class ptrs, parallel gc, windows-amd64)
# No core dump will be written. Minidumps are not enabled by default on client versions of Windows
#

---------------  S U M M A R Y ------------

Command Line: --add-modules=ALL-SYSTEM --add-opens=java.base/java.util=ALL-UNNAMED --add-opens=java.base/java.lang=ALL-UNNAMED --add-opens=java.base/sun.nio.fs=ALL-UNNAMED -Declipse.application=org.eclipse.jdt.ls.core.id1 -Dosgi.bundles.defaultStartLevel=4 -Declipse.product=org.eclipse.jdt.ls.core.product -Djava.import.generatesMetadataFilesAtProjectRoot=false -DDetectVMInstallationsJob.disabled=true -Dfile.encoding=utf8 -XX:+UseParallelGC -XX:GCTimeRatio=4 -XX:AdaptiveSizePolicyWeight=90 -Dsun.zip.disableMemoryMapping=true -Xmx2G -Xms100m -Xlog:disable -javaagent:c:\Users\HP\.vscode\extensions\redhat.java-1.44.0-win32-x64\lombok\lombok-1.18.39-4050.jar -XX:+HeapDumpOnOutOfMemoryError -XX:HeapDumpPath=c:\Users\HP\AppData\Roaming\Code\User\workspaceStorage\11f40e883a13e0d0e286c21601038b37\redhat.java -Daether.dependencyCollector.impl=bf c:\Users\HP\.vscode\extensions\redhat.java-1.44.0-win32-x64\server\plugins\org.eclipse.equinox.launcher_1.7.0.v20250519-0528.jar -configuration c:\Users\HP\AppData\Roaming\Code\User\globalStorage\redhat.java\1.44.0\config_win -data c:\Users\HP\AppData\Roaming\Code\User\workspaceStorage\11f40e883a13e0d0e286c21601038b37\redhat.java\jdt_ws --pipe=\\.\pipe\lsp-8b6205ed5aa85eaf5375f9d1b6830002-sock

Host: AMD Ryzen 5 3500U with Radeon Vega Mobile Gfx  , 8 cores, 5G,  Windows 11 , 64 bit Build 26100 (10.0.26100.4484)
Time: Mon Aug 11 08:36:20 2025 India Standard Time elapsed time: 39.194779 seconds (0d 0h 0m 39s)

---------------  T H R E A D  ---------------

Current thread (0x000001df24d308a0):  JavaThread "C2 CompilerThread0" daemon [_thread_in_native, id=1368, stack(0x0000002b8ae00000,0x0000002b8af00000) (1024K)]


Current CompileTask:
C2:39194 10208 %     4       org.eclipse.jdt.internal.core.search.indexing.BinaryIndexer::extractReferenceFromConstantPool @ 15 (358 bytes)

Stack: [0x0000002b8ae00000,0x0000002b8af00000]
Native frames: (J=compiled Java code, j=interpreted, Vv=VM code, C=native code)
V  [jvm.dll+0x6d2449]
V  [jvm.dll+0x8ae341]
V  [jvm.dll+0x8b08be]
V  [jvm.dll+0x8b0fa3]
V  [jvm.dll+0x280c96]
V  [jvm.dll+0xc581d]
V  [jvm.dll+0xc5d53]
V  [jvm.dll+0x2f539d]
V  [jvm.dll+0x5fa00a]
V  [jvm.dll+0x252092]
V  [jvm.dll+0x25244f]
V  [jvm.dll+0x24ad14]
V  [jvm.dll+0x2483a4]
V  [jvm.dll+0x1c89ee]
V  [jvm.dll+0x257d4d]
V  [jvm.dll+0x2562ea]
V  [jvm.dll+0x3f2d16]
V  [jvm.dll+0x857e6b]
V  [jvm.dll+0x6d0b0d]
C  [ucrtbase.dll+0x37b0]
C  [KERNEL32.DLL+0x2e8d7]
C  [ntdll.dll+0x3c34c]


---------------  P R O C E S S  ---------------

Threads class SMR info:
_java_thread_list=0x000001df0feb8c60, length=42, elements={
0x000001df24daf6f0, 0x000001df24e68960, 0x000001df24e6ddf0, 0x000001df24d26d10,
0x000001df24d28bf0, 0x000001df24d2c470, 0x000001df24d2cec0, 0x000001df24d308a0,
0x000001df7e000110, 0x000001df24e1e960, 0x000001df7e3115d0, 0x000001df7e5f1740,
0x000001df7ea1ff50, 0x000001df7ed10d00, 0x000001df7ed11360, 0x000001df7f002940,
0x000001df7ed7cb00, 0x000001df7f0c3520, 0x000001df7f0c55f0, 0x000001df7f0c4f60,
0x000001df7f0c5c80, 0x000001df7f0c2800, 0x000001df7f0c2e90, 0x000001df7f0c48d0,
0x000001df7f0c4240, 0x000001df7e5642a0, 0x000001df7e564930, 0x000001df7e564fc0,
0x000001df7e566370, 0x000001df7e563580, 0x000001df7e568440, 0x000001df7e568ad0,
0x000001df7e567090, 0x000001df7e567db0, 0x000001df7e566a00, 0x000001df7e565650,
0x000001df7e569160, 0x000001df7e567720, 0x000001df7e565ce0, 0x000001df7e569e80,
0x000001df7e56a510, 0x000001df7e5697f0
}

Java Threads: ( => current thread )
  0x000001df24daf6f0 JavaThread "main"                              [_thread_blocked, id=11116, stack(0x0000002b8a400000,0x0000002b8a500000) (1024K)]
  0x000001df24e68960 JavaThread "Reference Handler"          daemon [_thread_blocked, id=15496, stack(0x0000002b8a800000,0x0000002b8a900000) (1024K)]
  0x000001df24e6ddf0 JavaThread "Finalizer"                  daemon [_thread_blocked, id=15652, stack(0x0000002b8a900000,0x0000002b8aa00000) (1024K)]
  0x000001df24d26d10 JavaThread "Signal Dispatcher"          daemon [_thread_blocked, id=12580, stack(0x0000002b8aa00000,0x0000002b8ab00000) (1024K)]
  0x000001df24d28bf0 JavaThread "Attach Listener"            daemon [_thread_blocked, id=6676, stack(0x0000002b8ab00000,0x0000002b8ac00000) (1024K)]
  0x000001df24d2c470 JavaThread "Service Thread"             daemon [_thread_blocked, id=2168, stack(0x0000002b8ac00000,0x0000002b8ad00000) (1024K)]
  0x000001df24d2cec0 JavaThread "Monitor Deflation Thread"   daemon [_thread_blocked, id=15572, stack(0x0000002b8ad00000,0x0000002b8ae00000) (1024K)]
=>0x000001df24d308a0 JavaThread "C2 CompilerThread0"         daemon [_thread_in_native, id=1368, stack(0x0000002b8ae00000,0x0000002b8af00000) (1024K)]
  0x000001df7e000110 JavaThread "C1 CompilerThread0"         daemon [_thread_blocked, id=14852, stack(0x0000002b8af00000,0x0000002b8b000000) (1024K)]
  0x000001df24e1e960 JavaThread "Common-Cleaner"             daemon [_thread_blocked, id=4580, stack(0x0000002b8b000000,0x0000002b8b100000) (1024K)]
  0x000001df7e3115d0 JavaThread "Notification Thread"        daemon [_thread_blocked, id=16180, stack(0x0000002b8b200000,0x0000002b8b300000) (1024K)]
  0x000001df7e5f1740 JavaThread "Active Thread: Equinox Container: bfeb399b-c685-496a-a415-c8a12956cfa9"        [_thread_blocked, id=4860, stack(0x0000002b8b100000,0x0000002b8b200000) (1024K)]
  0x000001df7ea1ff50 JavaThread "Refresh Thread: Equinox Container: bfeb399b-c685-496a-a415-c8a12956cfa9" daemon [_thread_blocked, id=7488, stack(0x0000002b8b900000,0x0000002b8ba00000) (1024K)]
  0x000001df7ed10d00 JavaThread "Framework Event Dispatcher: Equinox Container: bfeb399b-c685-496a-a415-c8a12956cfa9" daemon [_thread_blocked, id=15568, stack(0x0000002b8bb00000,0x0000002b8bc00000) (1024K)]
  0x000001df7ed11360 JavaThread "Start Level: Equinox Container: bfeb399b-c685-496a-a415-c8a12956cfa9" daemon [_thread_blocked, id=14376, stack(0x0000002b8bc00000,0x0000002b8bd00000) (1024K)]
  0x000001df7f002940 JavaThread "Bundle File Closer"         daemon [_thread_blocked, id=948, stack(0x0000002b8bd00000,0x0000002b8be00000) (1024K)]
  0x000001df7ed7cb00 JavaThread "SCR Component Actor"        daemon [_thread_blocked, id=16740, stack(0x0000002b8be00000,0x0000002b8bf00000) (1024K)]
  0x000001df7f0c3520 JavaThread "Worker-JM"                         [_thread_blocked, id=4332, stack(0x0000002b8c000000,0x0000002b8c100000) (1024K)]
  0x000001df7f0c55f0 JavaThread "JNA Cleaner"                daemon [_thread_blocked, id=13968, stack(0x0000002b8c100000,0x0000002b8c200000) (1024K)]
  0x000001df7f0c4f60 JavaThread "Worker-0"                          [_thread_blocked, id=11060, stack(0x0000002b8c200000,0x0000002b8c300000) (1024K)]
  0x000001df7f0c5c80 JavaThread "Worker-1: Refreshing workspace"        [_thread_in_Java, id=6184, stack(0x0000002b8c300000,0x0000002b8c400000) (1024K)]
  0x000001df7f0c2800 JavaThread "Worker-2: Updating workspace"        [_thread_blocked, id=12552, stack(0x0000002b8c400000,0x0000002b8c500000) (1024K)]
  0x000001df7f0c2e90 JavaThread "Worker-3"                          [_thread_blocked, id=14908, stack(0x0000002b8c600000,0x0000002b8c700000) (1024K)]
  0x000001df7f0c48d0 JavaThread "Worker-4"                          [_thread_blocked, id=7428, stack(0x0000002b8c700000,0x0000002b8c800000) (1024K)]
  0x000001df7f0c4240 JavaThread "Java indexing"              daemon [_thread_in_Java, id=17844, stack(0x0000002b8c800000,0x0000002b8c900000) (1024K)]
  0x000001df7e5642a0 JavaThread "Worker-5"                          [_thread_blocked, id=13356, stack(0x0000002b8cb00000,0x0000002b8cc00000) (1024K)]
  0x000001df7e564930 JavaThread "Worker-6: Java indexing... "        [_thread_blocked, id=6744, stack(0x0000002b8cc00000,0x0000002b8cd00000) (1024K)]
  0x000001df7e564fc0 JavaThread "Worker-7: Check JDK Index"         [_thread_blocked, id=5600, stack(0x0000002b8cd00000,0x0000002b8ce00000) (1024K)]
  0x000001df7e566370 JavaThread "Thread-2"                   daemon [_thread_in_native, id=7468, stack(0x0000002b8ce00000,0x0000002b8cf00000) (1024K)]
  0x000001df7e563580 JavaThread "Thread-3"                   daemon [_thread_in_native, id=12536, stack(0x0000002b8cf00000,0x0000002b8d000000) (1024K)]
  0x000001df7e568440 JavaThread "Thread-4"                   daemon [_thread_in_native, id=9344, stack(0x0000002b8d000000,0x0000002b8d100000) (1024K)]
  0x000001df7e568ad0 JavaThread "Thread-5"                   daemon [_thread_in_native, id=14156, stack(0x0000002b8d100000,0x0000002b8d200000) (1024K)]
  0x000001df7e567090 JavaThread "Thread-6"                   daemon [_thread_in_native, id=9268, stack(0x0000002b8d200000,0x0000002b8d300000) (1024K)]
  0x000001df7e567db0 JavaThread "Thread-7"                   daemon [_thread_in_native, id=8076, stack(0x0000002b8d300000,0x0000002b8d400000) (1024K)]
  0x000001df7e566a00 JavaThread "Thread-8"                   daemon [_thread_in_native, id=9904, stack(0x0000002b8d400000,0x0000002b8d500000) (1024K)]
  0x000001df7e565650 JavaThread "Thread-9"                   daemon [_thread_in_native, id=14324, stack(0x0000002b8d500000,0x0000002b8d600000) (1024K)]
  0x000001df7e569160 JavaThread "Thread-10"                  daemon [_thread_in_native, id=13552, stack(0x0000002b8d600000,0x0000002b8d700000) (1024K)]
  0x000001df7e567720 JavaThread "pool-2-thread-1"                   [_thread_blocked, id=18464, stack(0x0000002b8d700000,0x0000002b8d800000) (1024K)]
  0x000001df7e565ce0 JavaThread "WorkspaceEventsHandler"            [_thread_blocked, id=4728, stack(0x0000002b8d800000,0x0000002b8d900000) (1024K)]
  0x000001df7e569e80 JavaThread "pool-1-thread-1"                   [_thread_blocked, id=11828, stack(0x0000002b8d900000,0x0000002b8da00000) (1024K)]
  0x000001df7e56a510 JavaThread "Worker-8"                          [_thread_blocked, id=1452, stack(0x0000002b8bf00000,0x0000002b8c000000) (1024K)]
  0x000001df7e5697f0 JavaThread "Timer-0"                           [_thread_blocked, id=1304, stack(0x0000002b8da00000,0x0000002b8db00000) (1024K)]
Total: 42

Other Threads:
  0x000001df24d224b0 VMThread "VM Thread"                           [id=13056, stack(0x0000002b8a700000,0x0000002b8a800000) (1024K)]
  0x000001df24c3ca00 WatcherThread "VM Periodic Task Thread"        [id=1288, stack(0x0000002b8a600000,0x0000002b8a700000) (1024K)]
  0x000001df24dce770 WorkerThread "GC Thread#0"                     [id=13080, stack(0x0000002b8a500000,0x0000002b8a600000) (1024K)]
  0x000001df7e95dfa0 WorkerThread "GC Thread#1"                     [id=10720, stack(0x0000002b8b300000,0x0000002b8b400000) (1024K)]
  0x000001df7e95e340 WorkerThread "GC Thread#2"                     [id=18752, stack(0x0000002b8b400000,0x0000002b8b500000) (1024K)]
  0x000001df7e5cd4f0 WorkerThread "GC Thread#3"                     [id=1464, stack(0x0000002b8b500000,0x0000002b8b600000) (1024K)]
  0x000001df7e5cd890 WorkerThread "GC Thread#4"                     [id=16332, stack(0x0000002b8b600000,0x0000002b8b700000) (1024K)]
  0x000001df7e5cdc30 WorkerThread "GC Thread#5"                     [id=2236, stack(0x0000002b8b700000,0x0000002b8b800000) (1024K)]
  0x000001df7e5d21b0 WorkerThread "GC Thread#6"                     [id=6076, stack(0x0000002b8b800000,0x0000002b8b900000) (1024K)]
  0x000001df7ebedd70 WorkerThread "GC Thread#7"                     [id=17228, stack(0x0000002b8ba00000,0x0000002b8bb00000) (1024K)]
Total: 10

Threads with active compile tasks:
C2 CompilerThread0  39298 10208 %     4       org.eclipse.jdt.internal.core.search.indexing.BinaryIndexer::extractReferenceFromConstantPool @ 15 (358 bytes)
C1 CompilerThread0  39299 10259       2       org.eclipse.jdt.internal.core.JavaModelCache::removeInfo (211 bytes)
Total: 2

VM state: not at safepoint (normal execution)

VM Mutex/Monitor currently owned by a thread: None

Heap address: 0x0000000080000000, size: 2048 MB, Compressed Oops mode: 32-bit

CDS archive(s) mapped at: [0x000001df3c000000-0x000001df3cba0000-0x000001df3cba0000), size 12189696, SharedBaseAddress: 0x000001df3c000000, ArchiveRelocationMode: 1.
Compressed class space mapped at: 0x000001df3d000000-0x000001df7d000000, reserved size: 1073741824
Narrow klass base: 0x000001df3c000000, Narrow klass shift: 0, Narrow klass range: 0x100000000

GC Precious Log:
 CardTable entry size: 512
 CPUs: 8 total, 8 available
 Memory: 6017M
 Large Page Support: Disabled
 NUMA Support: Disabled
 Compressed Oops: Enabled (32-bit)
 Alignments: Space 512K, Generation 512K, Heap 2M
 Heap Min Capacity: 100M
 Heap Initial Capacity: 100M
 Heap Max Capacity: 2G
 Pre-touch: Disabled
 Parallel Workers: 8

Heap:
 PSYoungGen      total 4096K, used 4070K [0x00000000d5580000, 0x00000000d5b00000, 0x0000000100000000)
  eden space 3584K, 99% used [0x00000000d5580000,0x00000000d58f9980,0x00000000d5900000)
  from space 512K, 100% used [0x00000000d5a00000,0x00000000d5a80000,0x00000000d5a80000)
  to   space 1024K, 0% used [0x00000000d5900000,0x00000000d5900000,0x00000000d5a00000)
 ParOldGen       total 338944K, used 338871K [0x0000000080000000, 0x0000000094b00000, 0x00000000d5580000)
  object space 338944K, 99% used [0x0000000080000000,0x0000000094aedda0,0x0000000094b00000)
 Metaspace       used 59390K, committed 60736K, reserved 1114112K
  class space    used 6851K, committed 7424K, reserved 1048576K

Card table byte_map: [0x000001df24750000,0x000001df24b60000] _byte_map_base: 0x000001df24350000

Marking Bits: (ParMarkBitMap*) 0x00007ffc6f0da340
 Begin Bits: [0x000001df37250000, 0x000001df39250000)
 End Bits:   [0x000001df39250000, 0x000001df3b250000)

Polling page: 0x000001df22be0000

Metaspace:

Usage:
  Non-class:     51.31 MB used.
      Class:      6.69 MB used.
       Both:     58.00 MB used.

Virtual space:
  Non-class space:       64.00 MB reserved,      52.06 MB ( 81%) committed,  1 nodes.
      Class space:        1.00 GB reserved,       7.25 MB ( <1%) committed,  1 nodes.
             Both:        1.06 GB reserved,      59.31 MB (  5%) committed. 

Chunk freelists:
   Non-Class:  11.20 MB
       Class:  8.61 MB
        Both:  19.81 MB

MaxMetaspaceSize: unlimited
CompressedClassSpaceSize: 1.00 GB
Initial GC threshold: 21.00 MB
Current GC threshold: 97.31 MB
CDS: on
 - commit_granule_bytes: 65536.
 - commit_granule_words: 8192.
 - virtual_space_node_default_size: 8388608.
 - enlarge_chunks_in_place: 1.
 - use_allocation_guard: 0.


Internal statistics:

num_allocs_failed_limit: 11.
num_arena_births: 1064.
num_arena_deaths: 20.
num_vsnodes_births: 2.
num_vsnodes_deaths: 0.
num_space_committed: 949.
num_space_uncommitted: 0.
num_chunks_returned_to_freelist: 41.
num_chunks_taken_from_freelist: 3859.
num_chunk_merges: 18.
num_chunk_splits: 2345.
num_chunks_enlarged: 1294.
num_inconsistent_stats: 0.

CodeHeap 'non-profiled nmethods': size=120000Kb used=6527Kb max_used=6527Kb free=113472Kb
 bounds [0x000001df2fa70000, 0x000001df300d0000, 0x000001df36fa0000]
CodeHeap 'profiled nmethods': size=120000Kb used=18834Kb max_used=18834Kb free=101165Kb
 bounds [0x000001df27fa0000, 0x000001df29210000, 0x000001df2f4d0000]
CodeHeap 'non-nmethods': size=5760Kb used=1398Kb max_used=1467Kb free=4361Kb
 bounds [0x000001df2f4d0000, 0x000001df2f740000, 0x000001df2fa70000]
CodeCache: size=245760Kb, used=26759Kb, max_used=26828Kb, free=218998Kb
 total_blobs=10019, nmethods=9314, adapters=611, full_count=0
Compilation: enabled, stopped_count=0, restarted_count=0

Compilation events (20 events):
Event: 38.012 Thread 0x000001df7e000110 10217       3       org.eclipse.jdt.internal.core.search.indexing.IndexManager$$Lambda/0x000001df3d75e9a8::test (12 bytes)
Event: 38.013 Thread 0x000001df7e000110 nmethod 10217 0x000001df291ea710 code [0x000001df291ea900, 0x000001df291eae78]
Event: 38.013 Thread 0x000001df7e000110 10218       3       org.eclipse.jdt.internal.core.search.indexing.IndexManager::lambda$1 (29 bytes)
Event: 38.013 Thread 0x000001df7e000110 nmethod 10218 0x000001df291eb010 code [0x000001df291eb1e0, 0x000001df291eb5b8]
Event: 38.040 Thread 0x000001df7e000110 10221       2       org.eclipse.jdt.core.search.SearchDocument::removeAllIndexEntries (19 bytes)
Event: 38.041 Thread 0x000001df7e000110 nmethod 10221 0x000001df291eb710 code [0x000001df291eb8c0, 0x000001df291eba78]
Event: 38.066 Thread 0x000001df7e000110 10225   !   3       org.eclipse.jdt.internal.core.search.indexing.IndexManager::indexDocument (31 bytes)
Event: 38.066 Thread 0x000001df7e000110 nmethod 10225 0x000001df291ebc10 code [0x000001df291ebdc0, 0x000001df291ec180]
Event: 38.066 Thread 0x000001df7e000110 10226       3       org.eclipse.jdt.internal.core.search.JavaSearchParticipant::indexDocument (89 bytes)
Event: 38.068 Thread 0x000001df7e000110 nmethod 10226 0x000001df291ec390 code [0x000001df291ec680, 0x000001df291ed4f8]
Event: 38.071 Thread 0x000001df7e000110 10228       2       org.eclipse.jdt.internal.core.search.indexing.AbstractIndexer::addTypeDeclaration (109 bytes)
Event: 38.072 Thread 0x000001df7e000110 nmethod 10228 0x000001df291edb10 code [0x000001df291edd40, 0x000001df291ee178]
Event: 38.124 Thread 0x000001df7e000110 10229       3       org.eclipse.jdt.internal.compiler.util.HashtableOfObject::rehash (84 bytes)
Event: 38.125 Thread 0x000001df7e000110 nmethod 10229 0x000001df291ee510 code [0x000001df291ee700, 0x000001df291eeac8]
Event: 38.125 Thread 0x000001df7e000110 10230       3       org.eclipse.jdt.internal.core.util.Messages::bind (6 bytes)
Event: 38.126 Thread 0x000001df7e000110 nmethod 10230 0x000001df291eed10 code [0x000001df291eeee0, 0x000001df291ef110]
Event: 38.127 Thread 0x000001df7e000110 10232       3       org.eclipse.jdt.internal.core.index.DiskIndex::writeStreamChars (220 bytes)
Event: 38.128 Thread 0x000001df7e000110 nmethod 10232 0x000001df291ef210 code [0x000001df291ef420, 0x000001df291efb18]
Event: 38.242 Thread 0x000001df7e000110 10233   !   3       org.eclipse.core.internal.jobs.JobManager::currentJob (89 bytes)
Event: 39.185 Thread 0x000001df7e000110 nmethod 10233 0x000001df291efe10 code [0x000001df291f0080, 0x000001df291f0e08]

GC Heap History (20 events):
Event: 35.654 GC heap before
{Heap before GC invocations=412 (full 3):
 PSYoungGen      total 4096K, used 4032K [0x00000000d5580000, 0x00000000d5b80000, 0x0000000100000000)
  eden space 3584K, 100% used [0x00000000d5580000,0x00000000d5900000,0x00000000d5900000)
  from space 512K, 87% used [0x00000000d5b00000,0x00000000d5b70000,0x00000000d5b80000)
  to   space 512K, 0% used [0x00000000d5a80000,0x00000000d5a80000,0x00000000d5b00000)
 ParOldGen       total 335360K, used 335291K [0x0000000080000000, 0x0000000094780000, 0x00000000d5580000)
  object space 335360K, 99% used [0x0000000080000000,0x000000009476ed78,0x0000000094780000)
 Metaspace       used 59326K, committed 60608K, reserved 1114112K
  class space    used 6847K, committed 7424K, reserved 1048576K
}
Event: 35.657 GC heap after
{Heap after GC invocations=412 (full 3):
 PSYoungGen      total 4096K, used 510K [0x00000000d5580000, 0x00000000d5b80000, 0x0000000100000000)
  eden space 3584K, 0% used [0x00000000d5580000,0x00000000d5580000,0x00000000d5900000)
  from space 512K, 99% used [0x00000000d5a80000,0x00000000d5aff8e0,0x00000000d5b00000)
  to   space 512K, 0% used [0x00000000d5b00000,0x00000000d5b00000,0x00000000d5b80000)
 ParOldGen       total 335872K, used 335675K [0x0000000080000000, 0x0000000094800000, 0x00000000d5580000)
  object space 335872K, 99% used [0x0000000080000000,0x00000000947ced78,0x0000000094800000)
 Metaspace       used 59326K, committed 60608K, reserved 1114112K
  class space    used 6847K, committed 7424K, reserved 1048576K
}
Event: 35.696 GC heap before
{Heap before GC invocations=413 (full 3):
 PSYoungGen      total 4096K, used 4094K [0x00000000d5580000, 0x00000000d5b80000, 0x0000000100000000)
  eden space 3584K, 100% used [0x00000000d5580000,0x00000000d5900000,0x00000000d5900000)
  from space 512K, 99% used [0x00000000d5a80000,0x00000000d5aff8e0,0x00000000d5b00000)
  to   space 512K, 0% used [0x00000000d5b00000,0x00000000d5b00000,0x00000000d5b80000)
 ParOldGen       total 335872K, used 335675K [0x0000000080000000, 0x0000000094800000, 0x00000000d5580000)
  object space 335872K, 99% used [0x0000000080000000,0x00000000947ced78,0x0000000094800000)
 Metaspace       used 59326K, committed 60608K, reserved 1114112K
  class space    used 6847K, committed 7424K, reserved 1048576K
}
Event: 35.698 GC heap after
{Heap after GC invocations=413 (full 3):
 PSYoungGen      total 4096K, used 448K [0x00000000d5580000, 0x00000000d5b80000, 0x0000000100000000)
  eden space 3584K, 0% used [0x00000000d5580000,0x00000000d5580000,0x00000000d5900000)
  from space 512K, 87% used [0x00000000d5b00000,0x00000000d5b70000,0x00000000d5b80000)
  to   space 1024K, 0% used [0x00000000d5980000,0x00000000d5980000,0x00000000d5a80000)
 ParOldGen       total 336384K, used 336095K [0x0000000080000000, 0x0000000094880000, 0x00000000d5580000)
  object space 336384K, 99% used [0x0000000080000000,0x0000000094837f38,0x0000000094880000)
 Metaspace       used 59326K, committed 60608K, reserved 1114112K
  class space    used 6847K, committed 7424K, reserved 1048576K
}
Event: 35.720 GC heap before
{Heap before GC invocations=414 (full 3):
 PSYoungGen      total 4096K, used 3949K [0x00000000d5580000, 0x00000000d5b80000, 0x0000000100000000)
  eden space 3584K, 97% used [0x00000000d5580000,0x00000000d58eb760,0x00000000d5900000)
  from space 512K, 87% used [0x00000000d5b00000,0x00000000d5b70000,0x00000000d5b80000)
  to   space 1024K, 0% used [0x00000000d5980000,0x00000000d5980000,0x00000000d5a80000)
 ParOldGen       total 336384K, used 336095K [0x0000000080000000, 0x0000000094880000, 0x00000000d5580000)
  object space 336384K, 99% used [0x0000000080000000,0x0000000094837f38,0x0000000094880000)
 Metaspace       used 59326K, committed 60608K, reserved 1114112K
  class space    used 6847K, committed 7424K, reserved 1048576K
}
Event: 35.722 GC heap after
{Heap after GC invocations=414 (full 3):
 PSYoungGen      total 4608K, used 528K [0x00000000d5580000, 0x00000000d5b80000, 0x0000000100000000)
  eden space 3584K, 0% used [0x00000000d5580000,0x00000000d5580000,0x00000000d5900000)
  from space 1024K, 51% used [0x00000000d5980000,0x00000000d5a04050,0x00000000d5a80000)
  to   space 1024K, 0% used [0x00000000d5a80000,0x00000000d5a80000,0x00000000d5b80000)
 ParOldGen       total 336896K, used 336439K [0x0000000080000000, 0x0000000094900000, 0x00000000d5580000)
  object space 336896K, 99% used [0x0000000080000000,0x000000009488df38,0x0000000094900000)
 Metaspace       used 59326K, committed 60608K, reserved 1114112K
  class space    used 6847K, committed 7424K, reserved 1048576K
}
Event: 35.769 GC heap before
{Heap before GC invocations=415 (full 3):
 PSYoungGen      total 4608K, used 4112K [0x00000000d5580000, 0x00000000d5b80000, 0x0000000100000000)
  eden space 3584K, 100% used [0x00000000d5580000,0x00000000d5900000,0x00000000d5900000)
  from space 1024K, 51% used [0x00000000d5980000,0x00000000d5a04050,0x00000000d5a80000)
  to   space 1024K, 0% used [0x00000000d5a80000,0x00000000d5a80000,0x00000000d5b80000)
 ParOldGen       total 336896K, used 336439K [0x0000000080000000, 0x0000000094900000, 0x00000000d5580000)
  object space 336896K, 99% used [0x0000000080000000,0x000000009488df38,0x0000000094900000)
 Metaspace       used 59326K, committed 60608K, reserved 1114112K
  class space    used 6847K, committed 7424K, reserved 1048576K
}
Event: 35.772 GC heap after
{Heap after GC invocations=415 (full 3):
 PSYoungGen      total 4096K, used 512K [0x00000000d5580000, 0x00000000d5b00000, 0x0000000100000000)
  eden space 3584K, 0% used [0x00000000d5580000,0x00000000d5580000,0x00000000d5900000)
  from space 512K, 100% used [0x00000000d5a80000,0x00000000d5b00000,0x00000000d5b00000)
  to   space 1024K, 0% used [0x00000000d5900000,0x00000000d5900000,0x00000000d5a00000)
 ParOldGen       total 336896K, used 336791K [0x0000000080000000, 0x0000000094900000, 0x00000000d5580000)
  object space 336896K, 99% used [0x0000000080000000,0x00000000948e5f38,0x0000000094900000)
 Metaspace       used 59326K, committed 60608K, reserved 1114112K
  class space    used 6847K, committed 7424K, reserved 1048576K
}
Event: 35.864 GC heap before
{Heap before GC invocations=416 (full 3):
 PSYoungGen      total 4096K, used 4096K [0x00000000d5580000, 0x00000000d5b00000, 0x0000000100000000)
  eden space 3584K, 100% used [0x00000000d5580000,0x00000000d5900000,0x00000000d5900000)
  from space 512K, 100% used [0x00000000d5a80000,0x00000000d5b00000,0x00000000d5b00000)
  to   space 1024K, 0% used [0x00000000d5900000,0x00000000d5900000,0x00000000d5a00000)
 ParOldGen       total 336896K, used 336791K [0x0000000080000000, 0x0000000094900000, 0x00000000d5580000)
  object space 336896K, 99% used [0x0000000080000000,0x00000000948e5f38,0x0000000094900000)
 Metaspace       used 59326K, committed 60608K, reserved 1114112K
  class space    used 6847K, committed 7424K, reserved 1048576K
}
Event: 35.866 GC heap after
{Heap after GC invocations=416 (full 3):
 PSYoungGen      total 4608K, used 568K [0x00000000d5580000, 0x00000000d5b00000, 0x0000000100000000)
  eden space 3584K, 0% used [0x00000000d5580000,0x00000000d5580000,0x00000000d5900000)
  from space 1024K, 55% used [0x00000000d5900000,0x00000000d598e008,0x00000000d5a00000)
  to   space 1024K, 0% used [0x00000000d5a00000,0x00000000d5a00000,0x00000000d5b00000)
 ParOldGen       total 337408K, used 337135K [0x0000000080000000, 0x0000000094980000, 0x00000000d5580000)
  object space 337408K, 99% used [0x0000000080000000,0x000000009493bf38,0x0000000094980000)
 Metaspace       used 59326K, committed 60608K, reserved 1114112K
  class space    used 6847K, committed 7424K, reserved 1048576K
}
Event: 35.904 GC heap before
{Heap before GC invocations=417 (full 3):
 PSYoungGen      total 4608K, used 4152K [0x00000000d5580000, 0x00000000d5b00000, 0x0000000100000000)
  eden space 3584K, 100% used [0x00000000d5580000,0x00000000d5900000,0x00000000d5900000)
  from space 1024K, 55% used [0x00000000d5900000,0x00000000d598e008,0x00000000d5a00000)
  to   space 1024K, 0% used [0x00000000d5a00000,0x00000000d5a00000,0x00000000d5b00000)
 ParOldGen       total 337408K, used 337135K [0x0000000080000000, 0x0000000094980000, 0x00000000d5580000)
  object space 337408K, 99% used [0x0000000080000000,0x000000009493bf38,0x0000000094980000)
 Metaspace       used 59326K, committed 60608K, reserved 1114112K
  class space    used 6847K, committed 7424K, reserved 1048576K
}
Event: 35.907 GC heap after
{Heap after GC invocations=417 (full 3):
 PSYoungGen      total 4096K, used 448K [0x00000000d5580000, 0x00000000d5a80000, 0x0000000100000000)
  eden space 3584K, 0% used [0x00000000d5580000,0x00000000d5580000,0x00000000d5900000)
  from space 512K, 87% used [0x00000000d5a00000,0x00000000d5a70220,0x00000000d5a80000)
  to   space 512K, 0% used [0x00000000d5980000,0x00000000d5980000,0x00000000d5a00000)
 ParOldGen       total 337920K, used 337623K [0x0000000080000000, 0x0000000094a00000, 0x00000000d5580000)
  object space 337920K, 99% used [0x0000000080000000,0x00000000949b5f40,0x0000000094a00000)
 Metaspace       used 59326K, committed 60608K, reserved 1114112K
  class space    used 6847K, committed 7424K, reserved 1048576K
}
Event: 36.626 GC heap before
{Heap before GC invocations=418 (full 3):
 PSYoungGen      total 4096K, used 4032K [0x00000000d5580000, 0x00000000d5a80000, 0x0000000100000000)
  eden space 3584K, 100% used [0x00000000d5580000,0x00000000d5900000,0x00000000d5900000)
  from space 512K, 87% used [0x00000000d5a00000,0x00000000d5a70220,0x00000000d5a80000)
  to   space 512K, 0% used [0x00000000d5980000,0x00000000d5980000,0x00000000d5a00000)
 ParOldGen       total 337920K, used 337623K [0x0000000080000000, 0x0000000094a00000, 0x00000000d5580000)
  object space 337920K, 99% used [0x0000000080000000,0x00000000949b5f40,0x0000000094a00000)
 Metaspace       used 59333K, committed 60608K, reserved 1114112K
  class space    used 6849K, committed 7424K, reserved 1048576K
}
Event: 36.629 GC heap after
{Heap after GC invocations=418 (full 3):
 PSYoungGen      total 4096K, used 224K [0x00000000d5580000, 0x00000000d5a80000, 0x0000000100000000)
  eden space 3584K, 0% used [0x00000000d5580000,0x00000000d5580000,0x00000000d5900000)
  from space 512K, 43% used [0x00000000d5980000,0x00000000d59b8000,0x00000000d5a00000)
  to   space 512K, 0% used [0x00000000d5a00000,0x00000000d5a00000,0x00000000d5a80000)
 ParOldGen       total 337920K, used 337903K [0x0000000080000000, 0x0000000094a00000, 0x00000000d5580000)
  object space 337920K, 99% used [0x0000000080000000,0x00000000949fbf40,0x0000000094a00000)
 Metaspace       used 59333K, committed 60608K, reserved 1114112K
  class space    used 6849K, committed 7424K, reserved 1048576K
}
Event: 36.851 GC heap before
{Heap before GC invocations=419 (full 3):
 PSYoungGen      total 4096K, used 3808K [0x00000000d5580000, 0x00000000d5a80000, 0x0000000100000000)
  eden space 3584K, 100% used [0x00000000d5580000,0x00000000d5900000,0x00000000d5900000)
  from space 512K, 43% used [0x00000000d5980000,0x00000000d59b8000,0x00000000d5a00000)
  to   space 512K, 0% used [0x00000000d5a00000,0x00000000d5a00000,0x00000000d5a80000)
 ParOldGen       total 337920K, used 337903K [0x0000000080000000, 0x0000000094a00000, 0x00000000d5580000)
  object space 337920K, 99% used [0x0000000080000000,0x00000000949fbf40,0x0000000094a00000)
 Metaspace       used 59343K, committed 60672K, reserved 1114112K
  class space    used 6849K, committed 7424K, reserved 1048576K
}
Event: 36.854 GC heap after
{Heap after GC invocations=419 (full 3):
 PSYoungGen      total 4096K, used 496K [0x00000000d5580000, 0x00000000d5b00000, 0x0000000100000000)
  eden space 3584K, 0% used [0x00000000d5580000,0x00000000d5580000,0x00000000d5900000)
  from space 512K, 96% used [0x00000000d5a00000,0x00000000d5a7c000,0x00000000d5a80000)
  to   space 1024K, 0% used [0x00000000d5900000,0x00000000d5900000,0x00000000d5a00000)
 ParOldGen       total 338432K, used 338272K [0x0000000080000000, 0x0000000094a80000, 0x00000000d5580000)
  object space 338432K, 99% used [0x0000000080000000,0x0000000094a58340,0x0000000094a80000)
 Metaspace       used 59343K, committed 60672K, reserved 1114112K
  class space    used 6849K, committed 7424K, reserved 1048576K
}
Event: 37.136 GC heap before
{Heap before GC invocations=420 (full 3):
 PSYoungGen      total 4096K, used 4080K [0x00000000d5580000, 0x00000000d5b00000, 0x0000000100000000)
  eden space 3584K, 100% used [0x00000000d5580000,0x00000000d5900000,0x00000000d5900000)
  from space 512K, 96% used [0x00000000d5a00000,0x00000000d5a7c000,0x00000000d5a80000)
  to   space 1024K, 0% used [0x00000000d5900000,0x00000000d5900000,0x00000000d5a00000)
 ParOldGen       total 338432K, used 338272K [0x0000000080000000, 0x0000000094a80000, 0x00000000d5580000)
  object space 338432K, 99% used [0x0000000080000000,0x0000000094a58340,0x0000000094a80000)
 Metaspace       used 59349K, committed 60672K, reserved 1114112K
  class space    used 6849K, committed 7424K, reserved 1048576K
}
Event: 37.138 GC heap after
{Heap after GC invocations=420 (full 3):
 PSYoungGen      total 4608K, used 422K [0x00000000d5580000, 0x00000000d5b00000, 0x0000000100000000)
  eden space 3584K, 0% used [0x00000000d5580000,0x00000000d5580000,0x00000000d5900000)
  from space 1024K, 41% used [0x00000000d5900000,0x00000000d5969800,0x00000000d5a00000)
  to   space 1024K, 0% used [0x00000000d5a00000,0x00000000d5a00000,0x00000000d5b00000)
 ParOldGen       total 338432K, used 338328K [0x0000000080000000, 0x0000000094a80000, 0x00000000d5580000)
  object space 338432K, 99% used [0x0000000080000000,0x0000000094a66350,0x0000000094a80000)
 Metaspace       used 59349K, committed 60672K, reserved 1114112K
  class space    used 6849K, committed 7424K, reserved 1048576K
}
Event: 38.034 GC heap before
{Heap before GC invocations=421 (full 3):
 PSYoungGen      total 4608K, used 4006K [0x00000000d5580000, 0x00000000d5b00000, 0x0000000100000000)
  eden space 3584K, 100% used [0x00000000d5580000,0x00000000d5900000,0x00000000d5900000)
  from space 1024K, 41% used [0x00000000d5900000,0x00000000d5969800,0x00000000d5a00000)
  to   space 1024K, 0% used [0x00000000d5a00000,0x00000000d5a00000,0x00000000d5b00000)
 ParOldGen       total 338432K, used 338328K [0x0000000080000000, 0x0000000094a80000, 0x00000000d5580000)
  object space 338432K, 99% used [0x0000000080000000,0x0000000094a66350,0x0000000094a80000)
 Metaspace       used 59372K, committed 60736K, reserved 1114112K
  class space    used 6851K, committed 7424K, reserved 1048576K
}
Event: 38.037 GC heap after
{Heap after GC invocations=421 (full 3):
 PSYoungGen      total 4096K, used 224K [0x00000000d5580000, 0x00000000d5a80000, 0x0000000100000000)
  eden space 3584K, 0% used [0x00000000d5580000,0x00000000d5580000,0x00000000d5900000)
  from space 512K, 43% used [0x00000000d5a00000,0x00000000d5a38000,0x00000000d5a80000)
  to   space 512K, 0% used [0x00000000d5980000,0x00000000d5980000,0x00000000d5a00000)
 ParOldGen       total 338944K, used 338658K [0x0000000080000000, 0x0000000094b00000, 0x00000000d5580000)
  object space 338944K, 99% used [0x0000000080000000,0x0000000094ab8bf8,0x0000000094b00000)
 Metaspace       used 59372K, committed 60736K, reserved 1114112K
  class space    used 6851K, committed 7424K, reserved 1048576K
}

Dll operation events (13 events):
Event: 0.037 Loaded shared library c:\Users\HP\.vscode\extensions\redhat.java-1.44.0-win32-x64\jre\21.0.8-win32-x86_64\bin\java.dll
Event: 0.220 Loaded shared library c:\Users\HP\.vscode\extensions\redhat.java-1.44.0-win32-x64\jre\21.0.8-win32-x86_64\bin\zip.dll
Event: 0.279 Loaded shared library C:\Users\HP\.vscode\extensions\redhat.java-1.44.0-win32-x64\jre\21.0.8-win32-x86_64\bin\instrument.dll
Event: 0.291 Loaded shared library C:\Users\HP\.vscode\extensions\redhat.java-1.44.0-win32-x64\jre\21.0.8-win32-x86_64\bin\net.dll
Event: 0.300 Loaded shared library C:\Users\HP\.vscode\extensions\redhat.java-1.44.0-win32-x64\jre\21.0.8-win32-x86_64\bin\nio.dll
Event: 0.314 Loaded shared library C:\Users\HP\.vscode\extensions\redhat.java-1.44.0-win32-x64\jre\21.0.8-win32-x86_64\bin\zip.dll
Event: 0.365 Loaded shared library C:\Users\HP\.vscode\extensions\redhat.java-1.44.0-win32-x64\jre\21.0.8-win32-x86_64\bin\jimage.dll
Event: 0.562 Loaded shared library c:\Users\HP\.vscode\extensions\redhat.java-1.44.0-win32-x64\jre\21.0.8-win32-x86_64\bin\verify.dll
Event: 3.259 Loaded shared library C:\Users\HP\AppData\Roaming\Code\User\globalStorage\redhat.java\1.44.0\config_win\org.eclipse.equinox.launcher\org.eclipse.equinox.launcher.win32.win32.x86_64_1.2.1400.v20250730-1736\eclipse_11913.dll
Event: 6.848 Loaded shared library C:\Users\HP\AppData\Local\Temp\jna-2312\jna14663234389399696210.dll
Event: 19.347 Loaded shared library C:\Users\HP\.gradle\native\1def1411415f61bf3af743bc5b6707747c0891f09f0c88961ee8f79bc544acac\windows-amd64\native-platform.dll
Event: 23.534 Loaded shared library C:\Users\HP\.vscode\extensions\redhat.java-1.44.0-win32-x64\jre\21.0.8-win32-x86_64\bin\management.dll
Event: 23.547 Loaded shared library C:\Users\HP\.vscode\extensions\redhat.java-1.44.0-win32-x64\jre\21.0.8-win32-x86_64\bin\management_ext.dll

Deoptimization events (20 events):
Event: 36.703 Thread 0x000001df7f0c4240 Uncommon trap: trap_request=0xffffff45 fr.pc=0x000001df2fe72f7c relative=0x00000000000005fc
Event: 36.703 Thread 0x000001df7f0c4240 Uncommon trap: reason=unstable_if action=reinterpret pc=0x000001df2fe72f7c method=org.eclipse.jdt.internal.compiler.util.HashtableOfObject.put([CLjava/lang/Object;)Ljava/lang/Object; @ 23 c2
Event: 36.703 Thread 0x000001df7f0c4240 DEOPT PACKING pc=0x000001df2fe72f7c sp=0x0000002b8c8ff1c0
Event: 36.703 Thread 0x000001df7f0c4240 DEOPT UNPACKING pc=0x000001df2f523aa2 sp=0x0000002b8c8ff168 mode 2
Event: 36.703 Thread 0x000001df7f0c4240 Uncommon trap: trap_request=0xffffff45 fr.pc=0x000001df2fdae778 relative=0x0000000000000518
Event: 36.703 Thread 0x000001df7f0c4240 Uncommon trap: reason=unstable_if action=reinterpret pc=0x000001df2fdae778 method=org.eclipse.jdt.internal.compiler.util.HashtableOfObject.get([C)Ljava/lang/Object; @ 37 c2
Event: 36.703 Thread 0x000001df7f0c4240 DEOPT PACKING pc=0x000001df2fdae778 sp=0x0000002b8c8ff1d0
Event: 36.703 Thread 0x000001df7f0c4240 DEOPT UNPACKING pc=0x000001df2f523aa2 sp=0x0000002b8c8ff160 mode 2
Event: 37.755 Thread 0x000001df7f0c4240 Uncommon trap: trap_request=0xffffff45 fr.pc=0x000001df2ffb9b7c relative=0x000000000000095c
Event: 37.755 Thread 0x000001df7f0c4240 Uncommon trap: reason=unstable_if action=reinterpret pc=0x000001df2ffb9b7c method=sun.nio.fs.WindowsPath.openForReadAttributeAccess(Z)J @ 5 c2
Event: 37.755 Thread 0x000001df7f0c4240 DEOPT PACKING pc=0x000001df2ffb9b7c sp=0x0000002b8c8ff0a0
Event: 37.755 Thread 0x000001df7f0c4240 DEOPT UNPACKING pc=0x000001df2f523aa2 sp=0x0000002b8c8ff088 mode 2
Event: 38.123 Thread 0x000001df7f0c4240 Uncommon trap: trap_request=0xffffff45 fr.pc=0x000001df2fe82eac relative=0x000000000000086c
Event: 38.123 Thread 0x000001df7f0c4240 Uncommon trap: reason=unstable_if action=reinterpret pc=0x000001df2fe82eac method=org.eclipse.jdt.internal.compiler.util.HashtableOfObject.putUnsafely([CLjava/lang/Object;)V @ 23 c2
Event: 38.123 Thread 0x000001df7f0c4240 DEOPT PACKING pc=0x000001df2fe82eac sp=0x0000002b8c8ff160
Event: 38.123 Thread 0x000001df7f0c4240 DEOPT UNPACKING pc=0x000001df2f523aa2 sp=0x0000002b8c8ff080 mode 2
Event: 38.127 Thread 0x000001df7f0c4240 Uncommon trap: trap_request=0xffffff45 fr.pc=0x000001df300c77f4 relative=0x0000000000000614
Event: 38.127 Thread 0x000001df7f0c4240 Uncommon trap: reason=unstable_if action=reinterpret pc=0x000001df300c77f4 method=org.eclipse.jdt.internal.core.index.DiskIndex.writeStreamChars(Ljava/io/OutputStream;[C)V @ 9 c2
Event: 38.127 Thread 0x000001df7f0c4240 DEOPT PACKING pc=0x000001df300c77f4 sp=0x0000002b8c8ff130
Event: 38.127 Thread 0x000001df7f0c4240 DEOPT UNPACKING pc=0x000001df2f523aa2 sp=0x0000002b8c8ff0a0 mode 2

Classes loaded (20 events):
Event: 27.729 Loading class java/util/stream/DistinctOps$1$2
Event: 27.730 Loading class java/util/stream/DistinctOps$1$2 done
Event: 29.090 Loading class java/util/stream/ReduceOps$5
Event: 29.094 Loading class java/util/stream/ReduceOps$5 done
Event: 29.094 Loading class java/util/stream/ReduceOps$CountingSink$OfRef
Event: 29.097 Loading class java/util/stream/ReduceOps$CountingSink
Event: 29.100 Loading class java/util/stream/ReduceOps$CountingSink done
Event: 29.100 Loading class java/util/stream/ReduceOps$CountingSink$OfRef done
Event: 32.744 Loading class java/util/stream/ReduceOps$1
Event: 32.758 Loading class java/util/stream/ReduceOps$1 done
Event: 32.759 Loading class java/util/stream/ReduceOps$1ReducingSink
Event: 32.761 Loading class java/util/stream/ReduceOps$1ReducingSink done
Event: 33.159 Loading class sun/nio/cs/ISO_8859_1$Encoder
Event: 33.163 Loading class sun/nio/cs/ISO_8859_1$Encoder done
Event: 33.163 Loading class sun/nio/cs/Surrogate$Parser
Event: 33.170 Loading class sun/nio/cs/Surrogate$Parser done
Event: 33.171 Loading class sun/nio/cs/Surrogate
Event: 33.190 Loading class sun/nio/cs/Surrogate done
Event: 37.723 Loading class sun/nio/fs/WindowsFileCopy
Event: 37.754 Loading class sun/nio/fs/WindowsFileCopy done

Classes unloaded (10 events):
Event: 8.444 Thread 0x000001df24d224b0 Unloading class 0x000001df3d1a7000 'java/lang/invoke/LambdaForm$MH+0x000001df3d1a7000'
Event: 8.444 Thread 0x000001df24d224b0 Unloading class 0x000001df3d1a6c00 'java/lang/invoke/LambdaForm$MH+0x000001df3d1a6c00'
Event: 8.444 Thread 0x000001df24d224b0 Unloading class 0x000001df3d1a6800 'java/lang/invoke/LambdaForm$MH+0x000001df3d1a6800'
Event: 8.444 Thread 0x000001df24d224b0 Unloading class 0x000001df3d1a6400 'java/lang/invoke/LambdaForm$MH+0x000001df3d1a6400'
Event: 8.444 Thread 0x000001df24d224b0 Unloading class 0x000001df3d1a6000 'java/lang/invoke/LambdaForm$BMH+0x000001df3d1a6000'
Event: 8.444 Thread 0x000001df24d224b0 Unloading class 0x000001df3d1a5c00 'java/lang/invoke/LambdaForm$DMH+0x000001df3d1a5c00'
Event: 8.444 Thread 0x000001df24d224b0 Unloading class 0x000001df3d1a4800 'java/lang/invoke/LambdaForm$DMH+0x000001df3d1a4800'
Event: 11.364 Thread 0x000001df24d224b0 Unloading class 0x000001df3d2b1c00 'java/lang/invoke/LambdaForm$MH+0x000001df3d2b1c00'
Event: 11.364 Thread 0x000001df24d224b0 Unloading class 0x000001df3d2b1400 'java/lang/invoke/LambdaForm$MH+0x000001df3d2b1400'
Event: 11.365 Thread 0x000001df24d224b0 Unloading class 0x000001df3d2b0c00 'java/lang/invoke/LambdaForm$MH+0x000001df3d2b0c00'

Classes redefined (0 events):
No events

Internal exceptions (20 events):
Event: 28.752 Thread 0x000001df7e56a510 Exception <a 'sun/nio/fs/WindowsException'{0x00000000d55d97d8}> (0x00000000d55d97d8) 
thrown [s\src\hotspot\share\prims\jni.cpp, line 520]
Event: 28.752 Thread 0x000001df7e56a510 Exception <a 'sun/nio/fs/WindowsException'{0x00000000d55d9eb0}> (0x00000000d55d9eb0) 
thrown [s\src\hotspot\share\prims\jni.cpp, line 520]
Event: 28.753 Thread 0x000001df7e56a510 Exception <a 'sun/nio/fs/WindowsException'{0x00000000d55ef410}> (0x00000000d55ef410) 
thrown [s\src\hotspot\share\prims\jni.cpp, line 520]
Event: 28.754 Thread 0x000001df7e56a510 Exception <a 'sun/nio/fs/WindowsException'{0x00000000d55efae8}> (0x00000000d55efae8) 
thrown [s\src\hotspot\share\prims\jni.cpp, line 520]
Event: 28.755 Thread 0x000001df7e56a510 Exception <a 'sun/nio/fs/WindowsException'{0x00000000d55f1588}> (0x00000000d55f1588) 
thrown [s\src\hotspot\share\prims\jni.cpp, line 520]
Event: 28.757 Thread 0x000001df7e56a510 Exception <a 'sun/nio/fs/WindowsException'{0x00000000d55f1c60}> (0x00000000d55f1c60) 
thrown [s\src\hotspot\share\prims\jni.cpp, line 520]
Event: 28.868 Thread 0x000001df7e56a510 Implicit null exception at 0x000001df2fdb5757 to 0x000001df2fdb5f4c
Event: 29.121 Thread 0x000001df7e56a510 Exception <a 'sun/nio/fs/WindowsException'{0x00000000d55922d0}> (0x00000000d55922d0) 
thrown [s\src\hotspot\share\prims\jni.cpp, line 520]
Event: 29.121 Thread 0x000001df7e56a510 Exception <a 'sun/nio/fs/WindowsException'{0x00000000d55c5858}> (0x00000000d55c5858) 
thrown [s\src\hotspot\share\prims\jni.cpp, line 520]
Event: 29.126 Thread 0x000001df7e56a510 Exception <a 'sun/nio/fs/WindowsException'{0x00000000d55f99f0}> (0x00000000d55f99f0) 
thrown [s\src\hotspot\share\prims\jni.cpp, line 520]
Event: 29.126 Thread 0x000001df7e56a510 Exception <a 'sun/nio/fs/WindowsException'{0x00000000d55fa0c8}> (0x00000000d55fa0c8) 
thrown [s\src\hotspot\share\prims\jni.cpp, line 520]
Event: 29.131 Thread 0x000001df7e56a510 Exception <a 'sun/nio/fs/WindowsException'{0x00000000d56626e8}> (0x00000000d56626e8) 
thrown [s\src\hotspot\share\prims\jni.cpp, line 520]
Event: 29.132 Thread 0x000001df7e56a510 Exception <a 'sun/nio/fs/WindowsException'{0x00000000d5662dc0}> (0x00000000d5662dc0) 
thrown [s\src\hotspot\share\prims\jni.cpp, line 520]
Event: 29.134 Thread 0x000001df7e56a510 Exception <a 'sun/nio/fs/WindowsException'{0x00000000d56be4e0}> (0x00000000d56be4e0) 
thrown [s\src\hotspot\share\prims\jni.cpp, line 520]
Event: 29.134 Thread 0x000001df7e56a510 Exception <a 'sun/nio/fs/WindowsException'{0x00000000d56e1000}> (0x00000000d56e1000) 
thrown [s\src\hotspot\share\prims\jni.cpp, line 520]
Event: 29.136 Thread 0x000001df7e56a510 Exception <a 'sun/nio/fs/WindowsException'{0x00000000d5716b60}> (0x00000000d5716b60) 
thrown [s\src\hotspot\share\prims\jni.cpp, line 520]
Event: 29.136 Thread 0x000001df7e56a510 Exception <a 'sun/nio/fs/WindowsException'{0x00000000d5717238}> (0x00000000d5717238) 
thrown [s\src\hotspot\share\prims\jni.cpp, line 520]
Event: 37.757 Thread 0x000001df7f0c4240 Exception <a 'sun/nio/fs/WindowsException'{0x00000000d55f3bd8}> (0x00000000d55f3bd8) 
thrown [s\src\hotspot\share\prims\jni.cpp, line 520]
Event: 38.000 Thread 0x000001df7f0c4240 Exception <a 'sun/nio/fs/WindowsException'{0x00000000d5841168}> (0x00000000d5841168) 
thrown [s\src\hotspot\share\prims\jni.cpp, line 520]
Event: 38.244 Thread 0x000001df7f0c4240 Exception <a 'sun/nio/fs/WindowsException'{0x00000000d58b0840}> (0x00000000d58b0840) 
thrown [s\src\hotspot\share\prims\jni.cpp, line 520]

ZGC Phase Switch (0 events):
No events

VM Operations (20 events):
Event: 35.722 Executing VM operation: ParallelGCFailedAllocation (Allocation Failure) done
Event: 35.769 Executing VM operation: ParallelGCFailedAllocation (Allocation Failure)
Event: 35.772 Executing VM operation: ParallelGCFailedAllocation (Allocation Failure) done
Event: 35.856 Executing VM operation: ParallelGCFailedAllocation (Allocation Failure)
Event: 35.866 Executing VM operation: ParallelGCFailedAllocation (Allocation Failure) done
Event: 35.904 Executing VM operation: ParallelGCFailedAllocation (Allocation Failure)
Event: 35.907 Executing VM operation: ParallelGCFailedAllocation (Allocation Failure) done
Event: 36.278 Executing VM operation: ParallelGCFailedAllocation (Allocation Failure)
Event: 36.629 Executing VM operation: ParallelGCFailedAllocation (Allocation Failure) done
Event: 36.630 Executing VM operation: HandshakeAllThreads (Deoptimize)
Event: 36.630 Executing VM operation: HandshakeAllThreads (Deoptimize) done
Event: 36.636 Executing VM operation: HandshakeAllThreads (Deoptimize)
Event: 36.636 Executing VM operation: HandshakeAllThreads (Deoptimize) done
Event: 36.851 Executing VM operation: ParallelGCFailedAllocation (Allocation Failure)
Event: 36.854 Executing VM operation: ParallelGCFailedAllocation (Allocation Failure) done
Event: 37.136 Executing VM operation: ParallelGCFailedAllocation (Allocation Failure)
Event: 37.138 Executing VM operation: ParallelGCFailedAllocation (Allocation Failure) done
Event: 38.034 Executing VM operation: ParallelGCFailedAllocation (Allocation Failure)
Event: 38.037 Executing VM operation: ParallelGCFailedAllocation (Allocation Failure) done
Event: 39.037 Executing VM operation: Cleanup

Memory protections (0 events):
No events

Nmethod flushes (20 events):
Event: 26.903 Thread 0x000001df24d224b0 flushing osr nmethod 0x000001df289aea10
Event: 26.903 Thread 0x000001df24d224b0 flushing  nmethod 0x000001df289c5290
Event: 26.903 Thread 0x000001df24d224b0 flushing  nmethod 0x000001df289c9d90
Event: 26.903 Thread 0x000001df24d224b0 flushing  nmethod 0x000001df289d3890
Event: 26.903 Thread 0x000001df24d224b0 flushing  nmethod 0x000001df289d7410
Event: 26.903 Thread 0x000001df24d224b0 flushing  nmethod 0x000001df289dbb90
Event: 26.903 Thread 0x000001df24d224b0 flushing  nmethod 0x000001df289df710
Event: 26.903 Thread 0x000001df24d224b0 flushing  nmethod 0x000001df289dfd10
Event: 26.903 Thread 0x000001df24d224b0 flushing  nmethod 0x000001df289e0590
Event: 26.903 Thread 0x000001df24d224b0 flushing  nmethod 0x000001df289efc10
Event: 26.903 Thread 0x000001df24d224b0 flushing  nmethod 0x000001df289f8710
Event: 26.903 Thread 0x000001df24d224b0 flushing  nmethod 0x000001df28a02690
Event: 26.903 Thread 0x000001df24d224b0 flushing  nmethod 0x000001df28a19410
Event: 26.903 Thread 0x000001df24d224b0 flushing  nmethod 0x000001df28a19a10
Event: 26.903 Thread 0x000001df24d224b0 flushing  nmethod 0x000001df28a1a290
Event: 26.903 Thread 0x000001df24d224b0 flushing  nmethod 0x000001df28a1ae10
Event: 26.903 Thread 0x000001df24d224b0 flushing  nmethod 0x000001df28a20c10
Event: 26.903 Thread 0x000001df24d224b0 flushing  nmethod 0x000001df28a2f310
Event: 26.903 Thread 0x000001df24d224b0 flushing  nmethod 0x000001df28a32b10
Event: 26.903 Thread 0x000001df24d224b0 flushing  nmethod 0x000001df28a67790

Events (20 events):
Event: 11.573 Thread 0x000001df7e5642a0 Thread added: 0x000001df7e564930
Event: 11.600 Thread 0x000001df7e564930 Thread added: 0x000001df7e564fc0
Event: 11.667 Thread 0x000001df24daf6f0 Thread added: 0x000001df7e566370
Event: 11.668 Thread 0x000001df24daf6f0 Thread added: 0x000001df7e563580
Event: 11.668 Thread 0x000001df24daf6f0 Thread added: 0x000001df7e568440
Event: 11.669 Thread 0x000001df24daf6f0 Thread added: 0x000001df7e568ad0
Event: 11.669 Thread 0x000001df24daf6f0 Thread added: 0x000001df7e567090
Event: 11.669 Thread 0x000001df24daf6f0 Thread added: 0x000001df7e567db0
Event: 11.670 Thread 0x000001df24daf6f0 Thread added: 0x000001df7e566a00
Event: 11.670 Thread 0x000001df24daf6f0 Thread added: 0x000001df7e565650
Event: 11.671 Thread 0x000001df24daf6f0 Thread added: 0x000001df7e569160
Event: 11.770 Thread 0x000001df24daf6f0 Thread added: 0x000001df7e567720
Event: 12.127 Thread 0x000001df24daf6f0 Thread added: 0x000001df7e565ce0
Event: 12.127 Thread 0x000001df24daf6f0 Thread added: 0x000001df7e569e80
Event: 13.413 Thread 0x000001df7ecf4620 Thread exited: 0x000001df7ecf4620
Event: 13.545 Thread 0x000001df7e564930 Thread added: 0x000001df7e56a510
Event: 17.196 Thread 0x000001df7f0c2800 Thread added: 0x000001df7e5697f0
Event: 17.517 Thread 0x000001df7f0c2800 Thread added: 0x000001df0e1a3c40
Event: 23.913 Thread 0x000001df0e1a3c40 Thread exited: 0x000001df0e1a3c40
Event: 25.982 Thread 0x000001df7ecc49b0 Thread exited: 0x000001df7ecc49b0


Dynamic libraries:
0x00007ff7051f0000 - 0x00007ff7051fe000 	c:\Users\HP\.vscode\extensions\redhat.java-1.44.0-win32-x64\jre\21.0.8-win32-x86_64\bin\java.exe
0x00007ffcb51a0000 - 0x00007ffcb5408000 	C:\WINDOWS\SYSTEM32\ntdll.dll
0x00007ffcb3fa0000 - 0x00007ffcb4069000 	C:\WINDOWS\System32\KERNEL32.DLL
0x00007ffcb26b0000 - 0x00007ffcb2a9d000 	C:\WINDOWS\System32\KERNELBASE.dll
0x00007ffcb2380000 - 0x00007ffcb24cb000 	C:\WINDOWS\System32\ucrtbase.dll
0x00007ffc9a160000 - 0x00007ffc9a17e000 	c:\Users\HP\.vscode\extensions\redhat.java-1.44.0-win32-x64\jre\21.0.8-win32-x86_64\bin\VCRUNTIME140.dll
0x00007ffc9c0a0000 - 0x00007ffc9c0b8000 	c:\Users\HP\.vscode\extensions\redhat.java-1.44.0-win32-x64\jre\21.0.8-win32-x86_64\bin\jli.dll
0x00007ffcb3bf0000 - 0x00007ffcb3dbc000 	C:\WINDOWS\System32\USER32.dll
0x00007ffc9a2a0000 - 0x00007ffc9a53a000 	C:\WINDOWS\WinSxS\amd64_microsoft.windows.common-controls_6595b64144ccf1df_6.0.26100.4484_none_3e0e6d4ce32ef3b3\COMCTL32.dll
0x00007ffcb43f0000 - 0x00007ffcb4499000 	C:\WINDOWS\System32\msvcrt.dll
0x00007ffcb2d90000 - 0x00007ffcb2db7000 	C:\WINDOWS\System32\win32u.dll
0x00007ffcb5130000 - 0x00007ffcb515b000 	C:\WINDOWS\System32\GDI32.dll
0x00007ffcb24d0000 - 0x00007ffcb2607000 	C:\WINDOWS\System32\gdi32full.dll
0x00007ffcb2b60000 - 0x00007ffcb2c03000 	C:\WINDOWS\System32\msvcp_win.dll
0x00007ffcb3ab0000 - 0x00007ffcb3adf000 	C:\WINDOWS\System32\IMM32.DLL
0x00007ffc9ef20000 - 0x00007ffc9ef2c000 	c:\Users\HP\.vscode\extensions\redhat.java-1.44.0-win32-x64\jre\21.0.8-win32-x86_64\bin\vcruntime140_1.dll
0x00007ffc82bc0000 - 0x00007ffc82c4d000 	c:\Users\HP\.vscode\extensions\redhat.java-1.44.0-win32-x64\jre\21.0.8-win32-x86_64\bin\msvcp140.dll
0x00007ffc6e420000 - 0x00007ffc6f1b7000 	c:\Users\HP\.vscode\extensions\redhat.java-1.44.0-win32-x64\jre\21.0.8-win32-x86_64\bin\server\jvm.dll
0x00007ffcb39f0000 - 0x00007ffcb3aa4000 	C:\WINDOWS\System32\ADVAPI32.dll
0x00007ffcb34c0000 - 0x00007ffcb3566000 	C:\WINDOWS\System32\sechost.dll
0x00007ffcb4200000 - 0x00007ffcb4318000 	C:\WINDOWS\System32\RPCRT4.dll
0x00007ffcb40f0000 - 0x00007ffcb4164000 	C:\WINDOWS\System32\WS2_32.dll
0x00007ffcb2140000 - 0x00007ffcb219e000 	C:\WINDOWS\SYSTEM32\POWRPROF.dll
0x00007ffcab900000 - 0x00007ffcab935000 	C:\WINDOWS\SYSTEM32\WINMM.dll
0x00007ffcab940000 - 0x00007ffcab94b000 	C:\WINDOWS\SYSTEM32\VERSION.dll
0x00007ffcb2120000 - 0x00007ffcb2134000 	C:\WINDOWS\SYSTEM32\UMPDC.dll
0x00007ffcb1090000 - 0x00007ffcb10ab000 	C:\WINDOWS\SYSTEM32\kernel.appcore.dll
0x00007ffc9dea0000 - 0x00007ffc9deaa000 	c:\Users\HP\.vscode\extensions\redhat.java-1.44.0-win32-x64\jre\21.0.8-win32-x86_64\bin\jimage.dll
0x00007ffca74b0000 - 0x00007ffca76f1000 	C:\WINDOWS\SYSTEM32\DBGHELP.DLL
0x00007ffcb3570000 - 0x00007ffcb38f6000 	C:\WINDOWS\System32\combase.dll
0x00007ffcb3900000 - 0x00007ffcb39e0000 	C:\WINDOWS\System32\OLEAUT32.dll
0x00007ffc99620000 - 0x00007ffc99663000 	C:\WINDOWS\SYSTEM32\dbgcore.DLL
0x00007ffcb2610000 - 0x00007ffcb26a9000 	C:\WINDOWS\System32\bcryptPrimitives.dll
0x00007ffc9c1b0000 - 0x00007ffc9c1bf000 	c:\Users\HP\.vscode\extensions\redhat.java-1.44.0-win32-x64\jre\21.0.8-win32-x86_64\bin\instrument.dll
0x00007ffc955b0000 - 0x00007ffc955cf000 	c:\Users\HP\.vscode\extensions\redhat.java-1.44.0-win32-x64\jre\21.0.8-win32-x86_64\bin\java.dll
0x00007ffcb49e0000 - 0x00007ffcb512a000 	C:\WINDOWS\System32\SHELL32.dll
0x00007ffcb2dc0000 - 0x00007ffcb2f34000 	C:\WINDOWS\System32\wintypes.dll
0x00007ffcaff70000 - 0x00007ffcb07cb000 	C:\WINDOWS\SYSTEM32\windows.storage.dll
0x00007ffcb2f60000 - 0x00007ffcb3055000 	C:\WINDOWS\System32\SHCORE.dll
0x00007ffcb44a0000 - 0x00007ffcb450a000 	C:\WINDOWS\System32\shlwapi.dll
0x00007ffcb2200000 - 0x00007ffcb222f000 	C:\WINDOWS\SYSTEM32\profapi.dll
0x00007ffc92060000 - 0x00007ffc92078000 	c:\Users\HP\.vscode\extensions\redhat.java-1.44.0-win32-x64\jre\21.0.8-win32-x86_64\bin\zip.dll
0x00007ffc9de50000 - 0x00007ffc9de60000 	C:\Users\HP\.vscode\extensions\redhat.java-1.44.0-win32-x64\jre\21.0.8-win32-x86_64\bin\net.dll
0x00007ffca8e50000 - 0x00007ffca8f6e000 	C:\WINDOWS\SYSTEM32\WINHTTP.dll
0x00007ffcb1620000 - 0x00007ffcb168a000 	C:\WINDOWS\system32\mswsock.dll
0x00007ffc92040000 - 0x00007ffc92056000 	C:\Users\HP\.vscode\extensions\redhat.java-1.44.0-win32-x64\jre\21.0.8-win32-x86_64\bin\nio.dll
0x00007ffc971e0000 - 0x00007ffc971f0000 	c:\Users\HP\.vscode\extensions\redhat.java-1.44.0-win32-x64\jre\21.0.8-win32-x86_64\bin\verify.dll
0x00007ffc73910000 - 0x00007ffc73955000 	C:\Users\HP\AppData\Roaming\Code\User\globalStorage\redhat.java\1.44.0\config_win\org.eclipse.equinox.launcher\org.eclipse.equinox.launcher.win32.win32.x86_64_1.2.1400.v20250730-1736\eclipse_11913.dll
0x00007ffcb3310000 - 0x00007ffcb34ae000 	C:\WINDOWS\System32\ole32.dll
0x00007ffcb18e0000 - 0x00007ffcb18fb000 	C:\WINDOWS\SYSTEM32\CRYPTSP.dll
0x00007ffcb0ff0000 - 0x00007ffcb102b000 	C:\WINDOWS\system32\rsaenh.dll
0x00007ffcb16c0000 - 0x00007ffcb16eb000 	C:\WINDOWS\SYSTEM32\USERENV.dll
0x00007ffcb21d0000 - 0x00007ffcb21f6000 	C:\WINDOWS\SYSTEM32\bcrypt.dll
0x00007ffcb18d0000 - 0x00007ffcb18dc000 	C:\WINDOWS\SYSTEM32\CRYPTBASE.dll
0x00007ffcb0b10000 - 0x00007ffcb0b43000 	C:\WINDOWS\SYSTEM32\IPHLPAPI.DLL
0x00007ffcb3060000 - 0x00007ffcb306a000 	C:\WINDOWS\System32\NSI.dll
0x00007ffc706e0000 - 0x00007ffc70729000 	C:\Users\HP\AppData\Local\Temp\jna-2312\jna14663234389399696210.dll
0x00007ffcb2f40000 - 0x00007ffcb2f48000 	C:\WINDOWS\System32\PSAPI.DLL
0x00007ffca8e20000 - 0x00007ffca8e3f000 	C:\WINDOWS\SYSTEM32\dhcpcsvc6.DLL
0x00007ffca8df0000 - 0x00007ffca8e15000 	C:\WINDOWS\SYSTEM32\dhcpcsvc.DLL
0x00007ffc90b70000 - 0x00007ffc90b97000 	C:\Users\HP\.gradle\native\1def1411415f61bf3af743bc5b6707747c0891f09f0c88961ee8f79bc544acac\windows-amd64\native-platform.dll
0x00007ffc94e90000 - 0x00007ffc94e9a000 	C:\Users\HP\.vscode\extensions\redhat.java-1.44.0-win32-x64\jre\21.0.8-win32-x86_64\bin\management.dll
0x00007ffc92790000 - 0x00007ffc9279b000 	C:\Users\HP\.vscode\extensions\redhat.java-1.44.0-win32-x64\jre\21.0.8-win32-x86_64\bin\management_ext.dll

JVMTI agents:
c:\Users\HP\.vscode\extensions\redhat.java-1.44.0-win32-x64\lombok\lombok-1.18.39-4050.jar path:c:\Users\HP\.vscode\extensions\redhat.java-1.44.0-win32-x64\jre\21.0.8-win32-x86_64\bin\instrument.dll, loaded, initialized, instrumentlib options:none

dbghelp: loaded successfully - version: 4.0.5 - missing functions: none
symbol engine: initialized successfully - sym options: 0x614 - pdb path: .;c:\Users\HP\.vscode\extensions\redhat.java-1.44.0-win32-x64\jre\21.0.8-win32-x86_64\bin;C:\WINDOWS\SYSTEM32;C:\WINDOWS\WinSxS\amd64_microsoft.windows.common-controls_6595b64144ccf1df_6.0.26100.4484_none_3e0e6d4ce32ef3b3;c:\Users\HP\.vscode\extensions\redhat.java-1.44.0-win32-x64\jre\21.0.8-win32-x86_64\bin\server;C:\Users\HP\AppData\Roaming\Code\User\globalStorage\redhat.java\1.44.0\config_win\org.eclipse.equinox.launcher\org.eclipse.equinox.launcher.win32.win32.x86_64_1.2.1400.v20250730-1736;C:\Users\HP\AppData\Local\Temp\jna-2312;C:\Users\HP\.gradle\native\1def1411415f61bf3af743bc5b6707747c0891f09f0c88961ee8f79bc544acac\windows-amd64

VM Arguments:
jvm_args: --add-modules=ALL-SYSTEM --add-opens=java.base/java.util=ALL-UNNAMED --add-opens=java.base/java.lang=ALL-UNNAMED --add-opens=java.base/sun.nio.fs=ALL-UNNAMED -Declipse.application=org.eclipse.jdt.ls.core.id1 -Dosgi.bundles.defaultStartLevel=4 -Declipse.product=org.eclipse.jdt.ls.core.product -Djava.import.generatesMetadataFilesAtProjectRoot=false -DDetectVMInstallationsJob.disabled=true -Dfile.encoding=utf8 -XX:+UseParallelGC -XX:GCTimeRatio=4 -XX:AdaptiveSizePolicyWeight=90 -Dsun.zip.disableMemoryMapping=true -Xmx2G -Xms100m -Xlog:disable -javaagent:c:\Users\HP\.vscode\extensions\redhat.java-1.44.0-win32-x64\lombok\lombok-1.18.39-4050.jar -XX:+HeapDumpOnOutOfMemoryError -XX:HeapDumpPath=c:\Users\HP\AppData\Roaming\Code\User\workspaceStorage\11f40e883a13e0d0e286c21601038b37\redhat.java -Daether.dependencyCollector.impl=bf 
java_command: c:\Users\HP\.vscode\extensions\redhat.java-1.44.0-win32-x64\server\plugins\org.eclipse.equinox.launcher_1.7.0.v20250519-0528.jar -configuration c:\Users\HP\AppData\Roaming\Code\User\globalStorage\redhat.java\1.44.0\config_win -data c:\Users\HP\AppData\Roaming\Code\User\workspaceStorage\11f40e883a13e0d0e286c21601038b37\redhat.java\jdt_ws --pipe=\\.\pipe\lsp-8b6205ed5aa85eaf5375f9d1b6830002-sock
java_class_path (initial): c:\Users\HP\.vscode\extensions\redhat.java-1.44.0-win32-x64\server\plugins\org.eclipse.equinox.launcher_1.7.0.v20250519-0528.jar
Launcher Type: SUN_STANDARD

[Global flags]
    uintx AdaptiveSizePolicyWeight                 = 90                                        {product} {command line}
     intx CICompilerCount                          = 4                                         {product} {ergonomic}
    uintx GCTimeRatio                              = 4                                         {product} {command line}
     bool HeapDumpOnOutOfMemoryError               = true                                   {manageable} {command line}
    ccstr HeapDumpPath                             = c:\Users\HP\AppData\Roaming\Code\User\workspaceStorage\11f40e883a13e0d0e286c21601038b37\redhat.java         {manageable} {command line}
   size_t InitialHeapSize                          = 104857600                                 {product} {command line}
   size_t MaxHeapSize                              = 2147483648                                {product} {command line}
   size_t MaxNewSize                               = 715653120                                 {product} {ergonomic}
   size_t MinHeapDeltaBytes                        = 524288                                    {product} {ergonomic}
   size_t MinHeapSize                              = 104857600                                 {product} {command line}
   size_t NewSize                                  = 34603008                                  {product} {ergonomic}
    uintx NonNMethodCodeHeapSize                   = 5839372                                {pd product} {ergonomic}
    uintx NonProfiledCodeHeapSize                  = 122909434                              {pd product} {ergonomic}
   size_t OldSize                                  = 70254592                                  {product} {ergonomic}
    uintx ProfiledCodeHeapSize                     = 122909434                              {pd product} {ergonomic}
    uintx ReservedCodeCacheSize                    = 251658240                              {pd product} {ergonomic}
     bool SegmentedCodeCache                       = true                                      {product} {ergonomic}
   size_t SoftMaxHeapSize                          = 2147483648                             {manageable} {ergonomic}
     bool UseCompressedOops                        = true                           {product lp64_product} {ergonomic}
     bool UseLargePagesIndividualAllocation        = false                                  {pd product} {ergonomic}
     bool UseParallelGC                            = true                                      {product} {command line}

Logging:
Log output configuration:
 #0: stdout all=off uptime,level,tags foldmultilines=false
 #1: stderr all=off uptime,level,tags foldmultilines=false

Environment Variables:
JAVA_HOME=C:\Program Files\Microsoft\jdk-17.0.15.6-hotspot
PATH=C:\Program Files\Microsoft\jdk-17.0.15.6-hotspot\bin;C:\Program Files\Common Files\Oracle\Java\javapath;C:\Program Files (x86)\Common Files\Oracle\Java\javapath;C:\Program Files\Python310\Scripts\;C:\Program Files\Python310\;C:\WINDOWS\system32;C:\WINDOWS;C:\WINDOWS\System32\Wbem;C:\WINDOWS\System32\WindowsPowerShell\v1.0\;C:\WINDOWS\System32\OpenSSH\;C:\Program Files (x86)\Microsoft SQL Server\160\Tools\Binn\;C:\Program Files\Microsoft SQL Server\160\Tools\Binn\;C:\Program Files\Microsoft SQL Server\Client SDK\ODBC\170\Tools\Binn\;C:\Program Files\Microsoft SQL Server\160\DTS\Binn\;C:\ProgramData\chocolatey\bin;C:\Program Files (x86)\Yarn\bin\;C:\Program Files\Git\cmd;C:\apache-maven-3.9.1\bin;C:\Program Files\Java\jdk-20\bin;C:\Users\HP\AppData\Roaming\Python\Python310\Scripts;C:\MinGW\bin;C:\Program Files\Android\Android Studio1\bin;C:\Users\HP\AppData\Local\Android\Sdk\platform-tools;C:\composer;C:\Program Files\nodejs\;C:\Program Files\Microsoft\jdk-17.0.15.6-hotspot\bin;C:\Users\HP\AppData\Local\Microsoft\WindowsApps;C:\Users\HP\AppData\Local\Programs\Microsoft VS Code\bin;C:\Users\HP\AppData\Local\Yarn\bin;C:\Users\HP\AppData\Local\GitHubDesktop\bin;C:\Program Files\JetBrains\IntelliJ IDEA Community Edition 2023.1.1\bin;;C:\Program Files\Android\Android Studio1\bin;C:\wamp64\bin\php\php8.1.31;C:\Users\HP\AppData\Roaming\Composer\vendor\bin;C:\Users\HP\AppData\Roaming\npm;C:\Program Files\Microsoft\jdk-17.0.15.6-hotspot\bin;
USERNAME=HP
OS=Windows_NT
PROCESSOR_IDENTIFIER=AMD64 Family 23 Model 24 Stepping 1, AuthenticAMD
TMP=C:\Users\HP\AppData\Local\Temp
TEMP=C:\Users\HP\AppData\Local\Temp




Periodic native trim disabled

---------------  S Y S T E M  ---------------

OS:
 Windows 11 , 64 bit Build 26100 (10.0.26100.4484)
OS uptime: 0 days 11:16 hours

CPU: total 8 (initial active 8) (8 cores per cpu, 2 threads per core) family 23 model 24 stepping 1 microcode 0x8108109, cx8, cmov, fxsr, ht, mmx, 3dnowpref, sse, sse2, sse3, ssse3, sse4a, sse4.1, sse4.2, popcnt, lzcnt, tsc, tscinvbit, avx, avx2, aes, clmul, bmi1, bmi2, adx, sha, fma, vzeroupper, clflush, clflushopt, rdtscp, f16c
Processor Information for the first 8 processors :
  Max Mhz: 2100, Current Mhz: 2100, Mhz Limit: 2100

Memory: 4k page, system-wide physical 6017M (282M free)
TotalPageFile size 24449M (AvailPageFile size 6M)
current process WorkingSet (physical memory assigned to process): 335M, peak: 403M
current process commit charge ("private bytes"): 627M, peak: 634M

vm_info: OpenJDK 64-Bit Server VM (21.0.8+9-LTS) for windows-amd64 JRE (21.0.8+9-LTS), built on 2025-07-15T00:00:00Z by "admin" with MS VC++ 17.7 (VS2022)

END.
