#
# There is insufficient memory for the Java Runtime Environment to continue.
# Native memory allocation (malloc) failed to allocate 2184496 bytes. Error detail: Chunk::new
# Possible reasons:
#   The system is out of physical RAM or swap space
#   This process is running with CompressedOops enabled, and the Java Heap may be blocking the growth of the native heap
# Possible solutions:
#   Reduce memory load on the system
#   Increase physical memory or swap space
#   Check if swap backing store is full
#   Decrease Java heap size (-Xmx/-Xms)
#   Decrease number of Java threads
#   Decrease Java thread stack sizes (-Xss)
#   Set larger code cache with -XX:ReservedCodeCacheSize=
#   JVM is running with Unscaled Compressed Oops mode in which the Java heap is
#     placed in the first 4GB address space. The Java Heap base address is the
#     maximum limit for the native heap growth. Please use -XX:HeapBaseMinAddress
#     to set the Java Heap base and to place the Java Heap above 4GB virtual address.
# This output file may be truncated or incomplete.
#
#  Out of Memory Error (arena.cpp:168), pid=7576, tid=12644
#
# JRE version: OpenJDK Runtime Environment Temurin-21.0.8+9 (21.0.8+9) (build 21.0.8+9-LTS)
# Java VM: OpenJDK 64-Bit Server VM Temurin-21.0.8+9 (21.0.8+9-LTS, mixed mode, sharing, tiered, compressed oops, compressed class ptrs, parallel gc, windows-amd64)
# No core dump will be written. Minidumps are not enabled by default on client versions of Windows
#

---------------  S U M M A R Y ------------

Command Line: --add-modules=ALL-SYSTEM --add-opens=java.base/java.util=ALL-UNNAMED --add-opens=java.base/java.lang=ALL-UNNAMED --add-opens=java.base/sun.nio.fs=ALL-UNNAMED -Declipse.application=org.eclipse.jdt.ls.core.id1 -Dosgi.bundles.defaultStartLevel=4 -Declipse.product=org.eclipse.jdt.ls.core.product -Djava.import.generatesMetadataFilesAtProjectRoot=false -DDetectVMInstallationsJob.disabled=true -Dfile.encoding=utf8 -XX:+UseParallelGC -XX:GCTimeRatio=4 -XX:AdaptiveSizePolicyWeight=90 -Dsun.zip.disableMemoryMapping=true -Xmx2G -Xms100m -Xlog:disable -javaagent:c:\Users\HP\.vscode\extensions\redhat.java-1.44.0-win32-x64\lombok\lombok-1.18.39-4050.jar -XX:+HeapDumpOnOutOfMemoryError -XX:HeapDumpPath=c:\Users\HP\AppData\Roaming\Code\User\workspaceStorage\11f40e883a13e0d0e286c21601038b37\redhat.java -Daether.dependencyCollector.impl=bf c:\Users\HP\.vscode\extensions\redhat.java-1.44.0-win32-x64\server\plugins\org.eclipse.equinox.launcher_1.7.0.v20250519-0528.jar -configuration c:\Users\HP\AppData\Roaming\Code\User\globalStorage\redhat.java\1.44.0\config_win -data c:\Users\HP\AppData\Roaming\Code\User\workspaceStorage\11f40e883a13e0d0e286c21601038b37\redhat.java\jdt_ws --pipe=\\.\pipe\lsp-6a02479d7ed0838c43eb3121568934a6-sock

Host: AMD Ryzen 5 3500U with Radeon Vega Mobile Gfx  , 8 cores, 5G,  Windows 11 , 64 bit Build 26100 (10.0.26100.4484)
Time: Mon Aug 11 08:35:38 2025 India Standard Time elapsed time: 51.863197 seconds (0d 0h 0m 51s)

---------------  T H R E A D  ---------------

Current thread (0x0000024d66fe5a90):  JavaThread "C2 CompilerThread0" daemon [_thread_in_native, id=12644, stack(0x0000006187300000,0x0000006187400000) (1024K)]


Current CompileTask:
C2:51863 10389 %     4       org.eclipse.jdt.internal.core.search.indexing.BinaryIndexer::extractReferenceFromConstantPool @ 324 (358 bytes)

Stack: [0x0000006187300000,0x0000006187400000]
Native frames: (J=compiled Java code, j=interpreted, Vv=VM code, C=native code)
V  [jvm.dll+0x6d2449]
V  [jvm.dll+0x8ae341]
V  [jvm.dll+0x8b08be]
V  [jvm.dll+0x8b0fa3]
V  [jvm.dll+0x280c96]
V  [jvm.dll+0xc581d]
V  [jvm.dll+0xc5d53]
V  [jvm.dll+0x3b9162]
V  [jvm.dll+0x385315]
V  [jvm.dll+0x38477a]
V  [jvm.dll+0x248ed0]
V  [jvm.dll+0x2484af]
V  [jvm.dll+0x1c89ee]
V  [jvm.dll+0x257d4d]
V  [jvm.dll+0x2562ea]
V  [jvm.dll+0x3f2d16]
V  [jvm.dll+0x857e6b]
V  [jvm.dll+0x6d0b0d]
C  [ucrtbase.dll+0x37b0]
C  [KERNEL32.DLL+0x2e8d7]
C  [ntdll.dll+0x3c34c]


---------------  P R O C E S S  ---------------

Threads class SMR info:
_java_thread_list=0x0000024d479a6800, length=56, elements={
0x0000024d64d1ce60, 0x0000024d67118bc0, 0x0000024d6711cd80, 0x0000024d66fd49a0,
0x0000024d66fd6500, 0x0000024d66fdc700, 0x0000024d66fdf620, 0x0000024d66fe5a90,
0x0000024d6700e790, 0x0000024d670d1ba0, 0x0000024d7f492290, 0x0000024d450c2920,
0x0000024d7fd5b0e0, 0x0000024d7fe731f0, 0x0000024d7fe717f0, 0x0000024d45308bb0,
0x0000024d451a5d00, 0x0000024d7f4b95e0, 0x0000024d7f4b6160, 0x0000024d7f4b8f50,
0x0000024d7f4b67f0, 0x0000024d7f4b88c0, 0x0000024d7f4b6e80, 0x0000024d7f4b7510,
0x0000024d7f4b7ba0, 0x0000024d477a04a0, 0x0000024d477a1850, 0x0000024d477a1ee0,
0x0000024d477a0b30, 0x0000024d4779ea60, 0x0000024d477a11c0, 0x0000024d477a2570,
0x0000024d4779f0f0, 0x0000024d477a2c00, 0x0000024d4779fe10, 0x0000024d4779f780,
0x0000024d477a3290, 0x0000024d477a3920, 0x0000024d477a4640, 0x0000024d477a4cd0,
0x0000024d478448f0, 0x0000024d47842eb0, 0x0000024d47844f80, 0x0000024d47845610,
0x0000024d47842190, 0x0000024d47845ca0, 0x0000024d47842820, 0x0000024d47846330,
0x0000024d478497b0, 0x0000024d47848a90, 0x0000024d47847d70, 0x0000024d478469c0,
0x0000024d47849120, 0x0000024d47847050, 0x0000024d478476e0, 0x0000024d47848400
}

Java Threads: ( => current thread )
  0x0000024d64d1ce60 JavaThread "main"                              [_thread_blocked, id=16872, stack(0x0000006186900000,0x0000006186a00000) (1024K)]
  0x0000024d67118bc0 JavaThread "Reference Handler"          daemon [_thread_blocked, id=5080, stack(0x0000006186d00000,0x0000006186e00000) (1024K)]
  0x0000024d6711cd80 JavaThread "Finalizer"                  daemon [_thread_blocked, id=9452, stack(0x0000006186e00000,0x0000006186f00000) (1024K)]
  0x0000024d66fd49a0 JavaThread "Signal Dispatcher"          daemon [_thread_blocked, id=16552, stack(0x0000006186f00000,0x0000006187000000) (1024K)]
  0x0000024d66fd6500 JavaThread "Attach Listener"            daemon [_thread_blocked, id=10456, stack(0x0000006187000000,0x0000006187100000) (1024K)]
  0x0000024d66fdc700 JavaThread "Service Thread"             daemon [_thread_blocked, id=8140, stack(0x0000006187100000,0x0000006187200000) (1024K)]
  0x0000024d66fdf620 JavaThread "Monitor Deflation Thread"   daemon [_thread_blocked, id=14140, stack(0x0000006187200000,0x0000006187300000) (1024K)]
=>0x0000024d66fe5a90 JavaThread "C2 CompilerThread0"         daemon [_thread_in_native, id=12644, stack(0x0000006187300000,0x0000006187400000) (1024K)]
  0x0000024d6700e790 JavaThread "C1 CompilerThread0"         daemon [_thread_blocked, id=11128, stack(0x0000006187400000,0x0000006187500000) (1024K)]
  0x0000024d670d1ba0 JavaThread "Common-Cleaner"             daemon [_thread_blocked, id=11864, stack(0x0000006187500000,0x0000006187600000) (1024K)]
  0x0000024d7f492290 JavaThread "Notification Thread"        daemon [_thread_blocked, id=14048, stack(0x0000006187600000,0x0000006187700000) (1024K)]
  0x0000024d450c2920 JavaThread "Active Thread: Equinox Container: b38cd955-1f76-4ac3-ab91-729e2f0c80f4"        [_thread_blocked, id=4100, stack(0x0000006187700000,0x0000006187800000) (1024K)]
  0x0000024d7fd5b0e0 JavaThread "Refresh Thread: Equinox Container: b38cd955-1f76-4ac3-ab91-729e2f0c80f4" daemon [_thread_blocked, id=18496, stack(0x0000006188000000,0x0000006188100000) (1024K)]
  0x0000024d7fe731f0 JavaThread "Framework Event Dispatcher: Equinox Container: b38cd955-1f76-4ac3-ab91-729e2f0c80f4" daemon [_thread_blocked, id=12620, stack(0x0000006188100000,0x0000006188200000) (1024K)]
  0x0000024d7fe717f0 JavaThread "Start Level: Equinox Container: b38cd955-1f76-4ac3-ab91-729e2f0c80f4" daemon [_thread_blocked, id=304, stack(0x0000006188200000,0x0000006188300000) (1024K)]
  0x0000024d45308bb0 JavaThread "Bundle File Closer"         daemon [_thread_blocked, id=2528, stack(0x0000006188300000,0x0000006188400000) (1024K)]
  0x0000024d451a5d00 JavaThread "SCR Component Actor"        daemon [_thread_blocked, id=4344, stack(0x0000006188400000,0x0000006188500000) (1024K)]
  0x0000024d7f4b95e0 JavaThread "Worker-JM"                         [_thread_blocked, id=13036, stack(0x0000006188500000,0x0000006188600000) (1024K)]
  0x0000024d7f4b6160 JavaThread "JNA Cleaner"                daemon [_thread_blocked, id=14068, stack(0x0000006188800000,0x0000006188900000) (1024K)]
  0x0000024d7f4b8f50 JavaThread "Worker-0"                          [_thread_blocked, id=13672, stack(0x0000006188900000,0x0000006188a00000) (1024K)]
  0x0000024d7f4b67f0 JavaThread "Worker-1"                          [_thread_blocked, id=6440, stack(0x0000006188700000,0x0000006188800000) (1024K)]
  0x0000024d7f4b88c0 JavaThread "Worker-2: Building"                [_thread_in_Java, id=13692, stack(0x0000006188a00000,0x0000006188b00000) (1024K)]
  0x0000024d7f4b6e80 JavaThread "Worker-3: Check JDK Index"         [_thread_blocked, id=19076, stack(0x0000006188c00000,0x0000006188d00000) (1024K)]
  0x0000024d7f4b7510 JavaThread "Worker-4"                          [_thread_blocked, id=16624, stack(0x0000006188d00000,0x0000006188e00000) (1024K)]
  0x0000024d7f4b7ba0 JavaThread "Java indexing"              daemon [_thread_in_Java, id=1460, stack(0x0000006188e00000,0x0000006188f00000) (1024K)]
  0x0000024d477a04a0 JavaThread "Worker-5"                          [_thread_blocked, id=7644, stack(0x0000006188f00000,0x0000006189000000) (1024K)]
  0x0000024d477a1850 JavaThread "Worker-6: Java indexing... "        [_thread_blocked, id=11244, stack(0x0000006189200000,0x0000006189300000) (1024K)]
  0x0000024d477a1ee0 JavaThread "Worker-7"                          [_thread_blocked, id=2288, stack(0x0000006189300000,0x0000006189400000) (1024K)]
  0x0000024d477a0b30 JavaThread "Thread-2"                   daemon [_thread_in_native, id=10616, stack(0x0000006189400000,0x0000006189500000) (1024K)]
  0x0000024d4779ea60 JavaThread "Thread-3"                   daemon [_thread_in_native, id=13596, stack(0x0000006189500000,0x0000006189600000) (1024K)]
  0x0000024d477a11c0 JavaThread "Thread-4"                   daemon [_thread_in_native, id=9916, stack(0x0000006189600000,0x0000006189700000) (1024K)]
  0x0000024d477a2570 JavaThread "Thread-5"                   daemon [_thread_in_native, id=14268, stack(0x0000006189700000,0x0000006189800000) (1024K)]
  0x0000024d4779f0f0 JavaThread "Thread-6"                   daemon [_thread_in_native, id=10280, stack(0x0000006189800000,0x0000006189900000) (1024K)]
  0x0000024d477a2c00 JavaThread "Thread-7"                   daemon [_thread_in_native, id=16484, stack(0x0000006189900000,0x0000006189a00000) (1024K)]
  0x0000024d4779fe10 JavaThread "Thread-8"                   daemon [_thread_in_native, id=17072, stack(0x0000006189a00000,0x0000006189b00000) (1024K)]
  0x0000024d4779f780 JavaThread "Thread-9"                   daemon [_thread_in_native, id=9576, stack(0x0000006189b00000,0x0000006189c00000) (1024K)]
  0x0000024d477a3290 JavaThread "Thread-10"                  daemon [_thread_in_native, id=5944, stack(0x0000006189c00000,0x0000006189d00000) (1024K)]
  0x0000024d477a3920 JavaThread "pool-2-thread-1"                   [_thread_blocked, id=13400, stack(0x0000006189d00000,0x0000006189e00000) (1024K)]
  0x0000024d477a4640 JavaThread "WorkspaceEventsHandler"            [_thread_blocked, id=10892, stack(0x0000006187e00000,0x0000006187f00000) (1024K)]
  0x0000024d477a4cd0 JavaThread "pool-1-thread-1"                   [_thread_blocked, id=17892, stack(0x0000006189e00000,0x0000006189f00000) (1024K)]
  0x0000024d478448f0 JavaThread "Timer-0"                           [_thread_blocked, id=6360, stack(0x0000006188b00000,0x0000006188c00000) (1024K)]
  0x0000024d47842eb0 JavaThread "Worker-8"                          [_thread_blocked, id=5164, stack(0x000000618a000000,0x000000618a100000) (1024K)]
  0x0000024d47844f80 JavaThread "LocalFile Deleter"          daemon [_thread_blocked, id=13416, stack(0x0000006188600000,0x0000006188700000) (1024K)]
  0x0000024d47845610 JavaThread "LocalFile Deleter"          daemon [_thread_blocked, id=16620, stack(0x0000006189f00000,0x000000618a000000) (1024K)]
  0x0000024d47842190 JavaThread "LocalFile Deleter"          daemon [_thread_blocked, id=15808, stack(0x000000618a100000,0x000000618a200000) (1024K)]
  0x0000024d47845ca0 JavaThread "LocalFile Deleter"          daemon [_thread_blocked, id=1516, stack(0x000000618a200000,0x000000618a300000) (1024K)]
  0x0000024d47842820 JavaThread "LocalFile Deleter"          daemon [_thread_blocked, id=16084, stack(0x000000618a300000,0x000000618a400000) (1024K)]
  0x0000024d47846330 JavaThread "LocalFile Deleter"          daemon [_thread_blocked, id=6196, stack(0x000000618a400000,0x000000618a500000) (1024K)]
  0x0000024d478497b0 JavaThread "LocalFile Deleter"          daemon [_thread_blocked, id=6684, stack(0x000000618a500000,0x000000618a600000) (1024K)]
  0x0000024d47848a90 JavaThread "LocalFile Deleter"          daemon [_thread_blocked, id=15192, stack(0x000000618a600000,0x000000618a700000) (1024K)]
  0x0000024d47847d70 JavaThread "Compiler Source File Reader" daemon [_thread_blocked, id=19416, stack(0x000000618a700000,0x000000618a800000) (1024K)]
  0x0000024d478469c0 JavaThread "Compiler Source File Reader" daemon [_thread_blocked, id=15720, stack(0x000000618a800000,0x000000618a900000) (1024K)]
  0x0000024d47849120 JavaThread "Compiler Source File Reader" daemon [_thread_blocked, id=10452, stack(0x000000618a900000,0x000000618aa00000) (1024K)]
  0x0000024d47847050 JavaThread "Compiler Source File Reader" daemon [_thread_blocked, id=12604, stack(0x000000618aa00000,0x000000618ab00000) (1024K)]
  0x0000024d478476e0 JavaThread "Compiler Source File Reader" daemon [_thread_blocked, id=12640, stack(0x000000618ab00000,0x000000618ac00000) (1024K)]
  0x0000024d47848400 JavaThread "Compiler Source File Reader" daemon [_thread_blocked, id=11640, stack(0x000000618ac00000,0x000000618ad00000) (1024K)]
Total: 56

Other Threads:
  0x0000024d64dde900 VMThread "VM Thread"                           [id=1188, stack(0x0000006186c00000,0x0000006186d00000) (1024K)]
  0x0000024d66eeca00 WatcherThread "VM Periodic Task Thread"        [id=17948, stack(0x0000006186b00000,0x0000006186c00000) (1024K)]
  0x0000024d67082990 WorkerThread "GC Thread#0"                     [id=18764, stack(0x0000006186a00000,0x0000006186b00000) (1024K)]
  0x0000024d450c8930 WorkerThread "GC Thread#1"                     [id=9852, stack(0x0000006187800000,0x0000006187900000) (1024K)]
  0x0000024d7fd7a850 WorkerThread "GC Thread#2"                     [id=8864, stack(0x0000006187900000,0x0000006187a00000) (1024K)]
  0x0000024d7fd799d0 WorkerThread "GC Thread#3"                     [id=7424, stack(0x0000006187a00000,0x0000006187b00000) (1024K)]
  0x0000024d7fd79d70 WorkerThread "GC Thread#4"                     [id=12088, stack(0x0000006187b00000,0x0000006187c00000) (1024K)]
  0x0000024d7fd78ef0 WorkerThread "GC Thread#5"                     [id=5436, stack(0x0000006187c00000,0x0000006187d00000) (1024K)]
  0x0000024d7fd7a110 WorkerThread "GC Thread#6"                     [id=11260, stack(0x0000006187d00000,0x0000006187e00000) (1024K)]
  0x0000024d7fd79290 WorkerThread "GC Thread#7"                     [id=12256, stack(0x0000006187f00000,0x0000006188000000) (1024K)]
Total: 10

Threads with active compile tasks:
C2 CompilerThread0  51977 10389 %     4       org.eclipse.jdt.internal.core.search.indexing.BinaryIndexer::extractReferenceFromConstantPool @ 324 (358 bytes)
Total: 1

VM state: not at safepoint (normal execution)

VM Mutex/Monitor currently owned by a thread: None

Heap address: 0x0000000080000000, size: 2048 MB, Compressed Oops mode: 32-bit

CDS archive(s) mapped at: [0x0000024d00000000-0x0000024d00ba0000-0x0000024d00ba0000), size 12189696, SharedBaseAddress: 0x0000024d00000000, ArchiveRelocationMode: 1.
Compressed class space mapped at: 0x0000024d01000000-0x0000024d41000000, reserved size: 1073741824
Narrow klass base: 0x0000024d00000000, Narrow klass shift: 0, Narrow klass range: 0x100000000

GC Precious Log:
 CardTable entry size: 512
 CPUs: 8 total, 8 available
 Memory: 6017M
 Large Page Support: Disabled
 NUMA Support: Disabled
 Compressed Oops: Enabled (32-bit)
 Alignments: Space 512K, Generation 512K, Heap 2M
 Heap Min Capacity: 100M
 Heap Initial Capacity: 100M
 Heap Max Capacity: 2G
 Pre-touch: Disabled
 Parallel Workers: 8

Heap:
 PSYoungGen      total 2560K, used 1281K [0x00000000d5580000, 0x00000000d5900000, 0x0000000100000000)
  eden space 2048K, 40% used [0x00000000d5580000,0x00000000d564dbc0,0x00000000d5780000)
  from space 512K, 89% used [0x00000000d5880000,0x00000000d58f2980,0x00000000d5900000)
  to   space 512K, 0% used [0x00000000d5800000,0x00000000d5800000,0x00000000d5880000)
 ParOldGen       total 420864K, used 420506K [0x0000000080000000, 0x0000000099b00000, 0x00000000d5580000)
  object space 420864K, 99% used [0x0000000080000000,0x0000000099aa6b30,0x0000000099b00000)
 Metaspace       used 62576K, committed 63936K, reserved 1114112K
  class space    used 7180K, committed 7744K, reserved 1048576K

Card table byte_map: [0x0000024d66a00000,0x0000024d66e10000] _byte_map_base: 0x0000024d66600000

Marking Bits: (ParMarkBitMap*) 0x00007ffc6f0da340
 Begin Bits: [0x0000024d79500000, 0x0000024d7b500000)
 End Bits:   [0x0000024d7b500000, 0x0000024d7d500000)

Polling page: 0x0000024d64e30000

Metaspace:

Usage:
  Non-class:     54.10 MB used.
      Class:      7.01 MB used.
       Both:     61.11 MB used.

Virtual space:
  Non-class space:       64.00 MB reserved,      54.88 MB ( 86%) committed,  1 nodes.
      Class space:        1.00 GB reserved,       7.56 MB ( <1%) committed,  1 nodes.
             Both:        1.06 GB reserved,      62.44 MB (  6%) committed. 

Chunk freelists:
   Non-Class:  8.73 MB
       Class:  8.30 MB
        Both:  17.03 MB

MaxMetaspaceSize: unlimited
CompressedClassSpaceSize: 1.00 GB
Initial GC threshold: 21.00 MB
Current GC threshold: 97.31 MB
CDS: on
 - commit_granule_bytes: 65536.
 - commit_granule_words: 8192.
 - virtual_space_node_default_size: 8388608.
 - enlarge_chunks_in_place: 1.
 - use_allocation_guard: 0.


Internal statistics:

num_allocs_failed_limit: 9.
num_arena_births: 1096.
num_arena_deaths: 40.
num_vsnodes_births: 2.
num_vsnodes_deaths: 0.
num_space_committed: 999.
num_space_uncommitted: 0.
num_chunks_returned_to_freelist: 58.
num_chunks_taken_from_freelist: 3879.
num_chunk_merges: 15.
num_chunk_splits: 2467.
num_chunks_enlarged: 1499.
num_inconsistent_stats: 0.

CodeHeap 'non-profiled nmethods': size=120000Kb used=7895Kb max_used=7895Kb free=112105Kb
 bounds [0x0000024d71d20000, 0x0000024d724e0000, 0x0000024d79250000]
CodeHeap 'profiled nmethods': size=120000Kb used=19643Kb max_used=19643Kb free=100356Kb
 bounds [0x0000024d6a250000, 0x0000024d6b580000, 0x0000024d71780000]
CodeHeap 'non-nmethods': size=5760Kb used=1414Kb max_used=1518Kb free=4346Kb
 bounds [0x0000024d71780000, 0x0000024d719f0000, 0x0000024d71d20000]
CodeCache: size=245760Kb, used=28952Kb, max_used=29056Kb, free=216807Kb
 total_blobs=10248, nmethods=9527, adapters=627, full_count=0
Compilation: enabled, stopped_count=0, restarted_count=0

Compilation events (20 events):
Event: 50.593 Thread 0x0000024d6700e790 10429       1       org.eclipse.jdt.ls.core.internal.preferences.PreferenceManager::getClientPreferences (5 bytes)
Event: 50.593 Thread 0x0000024d6700e790 nmethod 10429 0x0000024d724d5910 code [0x0000024d724d5aa0, 0x0000024d724d5b68]
Event: 50.595 Thread 0x0000024d6700e790 10430       2       java.util.concurrent.locks.AbstractQueuedSynchronizer::acquireSharedInterruptibly (36 bytes)
Event: 50.596 Thread 0x0000024d6700e790 nmethod 10430 0x0000024d6b579310 code [0x0000024d6b5794e0, 0x0000024d6b5797c0]
Event: 50.670 Thread 0x0000024d6700e790 10435       2       sun.net.www.protocol.jar.Handler::newURL (9 bytes)
Event: 50.670 Thread 0x0000024d6700e790 nmethod 10435 0x0000024d6b579990 code [0x0000024d6b579b40, 0x0000024d6b579cd8]
Event: 50.788 Thread 0x0000024d6700e790 10438   !   2       org.eclipse.osgi.storage.bundlefile.BundleFile::createURL (36 bytes)
Event: 50.789 Thread 0x0000024d6700e790 nmethod 10438 0x0000024d6b579d90 code [0x0000024d6b579fc0, 0x0000024d6b57a380]
Event: 50.789 Thread 0x0000024d6700e790 10439       2       org.eclipse.osgi.storage.bundlefile.BundleFile::fixTrailingSlash (152 bytes)
Event: 50.792 Thread 0x0000024d6700e790 nmethod 10439 0x0000024d6b57a710 code [0x0000024d6b57a980, 0x0000024d6b57b1f8]
Event: 50.792 Thread 0x0000024d6700e790 10441   !   2       org.eclipse.osgi.framework.util.SecureAction::getURL (78 bytes)
Event: 50.792 Thread 0x0000024d6700e790 nmethod 10441 0x0000024d6b57b810 code [0x0000024d6b57b9c0, 0x0000024d6b57bb70]
Event: 50.792 Thread 0x0000024d6700e790 10440       2       org.eclipse.osgi.storage.url.BundleResourceHandler::createURLHostForBundleID (27 bytes)
Event: 50.793 Thread 0x0000024d6700e790 nmethod 10440 0x0000024d6b57bc90 code [0x0000024d6b57be80, 0x0000024d6b57c140]
Event: 50.793 Thread 0x0000024d6700e790 10442   !   2       org.eclipse.osgi.internal.loader.BundleLoader::findDynamicSource (187 bytes)
Event: 50.796 Thread 0x0000024d6700e790 nmethod 10442 0x0000024d6b57c310 code [0x0000024d6b57c660, 0x0000024d6b57d130]
Event: 50.796 Thread 0x0000024d6700e790 10443       2       org.eclipse.osgi.storage.url.bundleresource.Handler::<init> (7 bytes)
Event: 50.797 Thread 0x0000024d6700e790 nmethod 10443 0x0000024d6b57d910 code [0x0000024d6b57daa0, 0x0000024d6b57dbd0]
Event: 50.852 Thread 0x0000024d6700e790 10444       2       java.util.concurrent.CountDownLatch::await (9 bytes)
Event: 51.850 Thread 0x0000024d6700e790 nmethod 10444 0x0000024d6b57dc90 code [0x0000024d6b57de40, 0x0000024d6b57df70]

GC Heap History (20 events):
Event: 50.378 GC heap before
{Heap before GC invocations=630 (full 3):
 PSYoungGen      total 2560K, used 2432K [0x00000000d5580000, 0x00000000d5900000, 0x0000000100000000)
  eden space 2048K, 100% used [0x00000000d5580000,0x00000000d5780000,0x00000000d5780000)
  from space 512K, 75% used [0x00000000d5880000,0x00000000d58e0010,0x00000000d5900000)
  to   space 512K, 0% used [0x00000000d5800000,0x00000000d5800000,0x00000000d5880000)
 ParOldGen       total 416768K, used 416363K [0x0000000080000000, 0x0000000099700000, 0x00000000d5580000)
  object space 416768K, 99% used [0x0000000080000000,0x000000009969ada0,0x0000000099700000)
 Metaspace       used 62115K, committed 63424K, reserved 1114112K
  class space    used 7135K, committed 7680K, reserved 1048576K
}
Event: 50.383 GC heap after
{Heap after GC invocations=630 (full 3):
 PSYoungGen      total 2560K, used 256K [0x00000000d5580000, 0x00000000d5900000, 0x0000000100000000)
  eden space 2048K, 0% used [0x00000000d5580000,0x00000000d5580000,0x00000000d5780000)
  from space 512K, 50% used [0x00000000d5800000,0x00000000d5840010,0x00000000d5880000)
  to   space 512K, 0% used [0x00000000d5880000,0x00000000d5880000,0x00000000d5900000)
 ParOldGen       total 416768K, used 416539K [0x0000000080000000, 0x0000000099700000, 0x00000000d5580000)
  object space 416768K, 99% used [0x0000000080000000,0x00000000996c6da0,0x0000000099700000)
 Metaspace       used 62115K, committed 63424K, reserved 1114112K
  class space    used 7135K, committed 7680K, reserved 1048576K
}
Event: 50.433 GC heap before
{Heap before GC invocations=631 (full 3):
 PSYoungGen      total 2560K, used 2304K [0x00000000d5580000, 0x00000000d5900000, 0x0000000100000000)
  eden space 2048K, 100% used [0x00000000d5580000,0x00000000d5780000,0x00000000d5780000)
  from space 512K, 50% used [0x00000000d5800000,0x00000000d5840010,0x00000000d5880000)
  to   space 512K, 0% used [0x00000000d5880000,0x00000000d5880000,0x00000000d5900000)
 ParOldGen       total 416768K, used 416539K [0x0000000080000000, 0x0000000099700000, 0x00000000d5580000)
  object space 416768K, 99% used [0x0000000080000000,0x00000000996c6da0,0x0000000099700000)
 Metaspace       used 62130K, committed 63488K, reserved 1114112K
  class space    used 7143K, committed 7680K, reserved 1048576K
}
Event: 50.435 GC heap after
{Heap after GC invocations=631 (full 3):
 PSYoungGen      total 2560K, used 256K [0x00000000d5580000, 0x00000000d5900000, 0x0000000100000000)
  eden space 2048K, 0% used [0x00000000d5580000,0x00000000d5580000,0x00000000d5780000)
  from space 512K, 50% used [0x00000000d5880000,0x00000000d58c0010,0x00000000d5900000)
  to   space 512K, 0% used [0x00000000d5800000,0x00000000d5800000,0x00000000d5880000)
 ParOldGen       total 416768K, used 416691K [0x0000000080000000, 0x0000000099700000, 0x00000000d5580000)
  object space 416768K, 99% used [0x0000000080000000,0x00000000996ecda0,0x0000000099700000)
 Metaspace       used 62130K, committed 63488K, reserved 1114112K
  class space    used 7143K, committed 7680K, reserved 1048576K
}
Event: 50.556 GC heap before
{Heap before GC invocations=632 (full 3):
 PSYoungGen      total 2560K, used 2293K [0x00000000d5580000, 0x00000000d5900000, 0x0000000100000000)
  eden space 2048K, 99% used [0x00000000d5580000,0x00000000d577d510,0x00000000d5780000)
  from space 512K, 50% used [0x00000000d5880000,0x00000000d58c0010,0x00000000d5900000)
  to   space 512K, 0% used [0x00000000d5800000,0x00000000d5800000,0x00000000d5880000)
 ParOldGen       total 416768K, used 416691K [0x0000000080000000, 0x0000000099700000, 0x00000000d5580000)
  object space 416768K, 99% used [0x0000000080000000,0x00000000996ecda0,0x0000000099700000)
 Metaspace       used 62207K, committed 63552K, reserved 1114112K
  class space    used 7153K, committed 7680K, reserved 1048576K
}
Event: 50.560 GC heap after
{Heap after GC invocations=632 (full 3):
 PSYoungGen      total 2560K, used 240K [0x00000000d5580000, 0x00000000d5900000, 0x0000000100000000)
  eden space 2048K, 0% used [0x00000000d5580000,0x00000000d5580000,0x00000000d5780000)
  from space 512K, 46% used [0x00000000d5800000,0x00000000d583c010,0x00000000d5880000)
  to   space 512K, 0% used [0x00000000d5880000,0x00000000d5880000,0x00000000d5900000)
 ParOldGen       total 416768K, used 416755K [0x0000000080000000, 0x0000000099700000, 0x00000000d5580000)
  object space 416768K, 99% used [0x0000000080000000,0x00000000996fcda0,0x0000000099700000)
 Metaspace       used 62207K, committed 63552K, reserved 1114112K
  class space    used 7153K, committed 7680K, reserved 1048576K
}
Event: 50.605 GC heap before
{Heap before GC invocations=633 (full 3):
 PSYoungGen      total 2560K, used 2288K [0x00000000d5580000, 0x00000000d5900000, 0x0000000100000000)
  eden space 2048K, 100% used [0x00000000d5580000,0x00000000d5780000,0x00000000d5780000)
  from space 512K, 46% used [0x00000000d5800000,0x00000000d583c010,0x00000000d5880000)
  to   space 512K, 0% used [0x00000000d5880000,0x00000000d5880000,0x00000000d5900000)
 ParOldGen       total 416768K, used 416755K [0x0000000080000000, 0x0000000099700000, 0x00000000d5580000)
  object space 416768K, 99% used [0x0000000080000000,0x00000000996fcda0,0x0000000099700000)
 Metaspace       used 62241K, committed 63552K, reserved 1114112K
  class space    used 7156K, committed 7680K, reserved 1048576K
}
Event: 50.610 GC heap after
{Heap after GC invocations=633 (full 3):
 PSYoungGen      total 2560K, used 384K [0x00000000d5580000, 0x00000000d5900000, 0x0000000100000000)
  eden space 2048K, 0% used [0x00000000d5580000,0x00000000d5580000,0x00000000d5780000)
  from space 512K, 75% used [0x00000000d5880000,0x00000000d58e0000,0x00000000d5900000)
  to   space 512K, 0% used [0x00000000d5800000,0x00000000d5800000,0x00000000d5880000)
 ParOldGen       total 417280K, used 416851K [0x0000000080000000, 0x0000000099780000, 0x00000000d5580000)
  object space 417280K, 99% used [0x0000000080000000,0x0000000099714da0,0x0000000099780000)
 Metaspace       used 62241K, committed 63552K, reserved 1114112K
  class space    used 7156K, committed 7680K, reserved 1048576K
}
Event: 50.629 GC heap before
{Heap before GC invocations=634 (full 3):
 PSYoungGen      total 2560K, used 2395K [0x00000000d5580000, 0x00000000d5900000, 0x0000000100000000)
  eden space 2048K, 98% used [0x00000000d5580000,0x00000000d5776d90,0x00000000d5780000)
  from space 512K, 75% used [0x00000000d5880000,0x00000000d58e0000,0x00000000d5900000)
  to   space 512K, 0% used [0x00000000d5800000,0x00000000d5800000,0x00000000d5880000)
 ParOldGen       total 417280K, used 416851K [0x0000000080000000, 0x0000000099780000, 0x00000000d5580000)
  object space 417280K, 99% used [0x0000000080000000,0x0000000099714da0,0x0000000099780000)
 Metaspace       used 62245K, committed 63552K, reserved 1114112K
  class space    used 7157K, committed 7680K, reserved 1048576K
}
Event: 50.633 GC heap after
{Heap after GC invocations=634 (full 3):
 PSYoungGen      total 2560K, used 352K [0x00000000d5580000, 0x00000000d5900000, 0x0000000100000000)
  eden space 2048K, 0% used [0x00000000d5580000,0x00000000d5580000,0x00000000d5780000)
  from space 512K, 68% used [0x00000000d5800000,0x00000000d5858000,0x00000000d5880000)
  to   space 512K, 0% used [0x00000000d5880000,0x00000000d5880000,0x00000000d5900000)
 ParOldGen       total 417280K, used 417087K [0x0000000080000000, 0x0000000099780000, 0x00000000d5580000)
  object space 417280K, 99% used [0x0000000080000000,0x000000009974ff48,0x0000000099780000)
 Metaspace       used 62245K, committed 63552K, reserved 1114112K
  class space    used 7157K, committed 7680K, reserved 1048576K
}
Event: 50.656 GC heap before
{Heap before GC invocations=635 (full 3):
 PSYoungGen      total 2560K, used 2400K [0x00000000d5580000, 0x00000000d5900000, 0x0000000100000000)
  eden space 2048K, 100% used [0x00000000d5580000,0x00000000d5780000,0x00000000d5780000)
  from space 512K, 68% used [0x00000000d5800000,0x00000000d5858000,0x00000000d5880000)
  to   space 512K, 0% used [0x00000000d5880000,0x00000000d5880000,0x00000000d5900000)
 ParOldGen       total 417280K, used 417087K [0x0000000080000000, 0x0000000099780000, 0x00000000d5580000)
  object space 417280K, 99% used [0x0000000080000000,0x000000009974ff48,0x0000000099780000)
 Metaspace       used 62253K, committed 63552K, reserved 1114112K
  class space    used 7159K, committed 7680K, reserved 1048576K
}
Event: 50.660 GC heap after
{Heap after GC invocations=635 (full 3):
 PSYoungGen      total 2560K, used 256K [0x00000000d5580000, 0x00000000d5900000, 0x0000000100000000)
  eden space 2048K, 0% used [0x00000000d5580000,0x00000000d5580000,0x00000000d5780000)
  from space 512K, 50% used [0x00000000d5880000,0x00000000d58c0000,0x00000000d5900000)
  to   space 512K, 0% used [0x00000000d5800000,0x00000000d5800000,0x00000000d5880000)
 ParOldGen       total 417792K, used 417341K [0x0000000080000000, 0x0000000099800000, 0x00000000d5580000)
  object space 417792K, 99% used [0x0000000080000000,0x000000009978f550,0x0000000099800000)
 Metaspace       used 62253K, committed 63552K, reserved 1114112K
  class space    used 7159K, committed 7680K, reserved 1048576K
}
Event: 50.678 GC heap before
{Heap before GC invocations=636 (full 3):
 PSYoungGen      total 2560K, used 2304K [0x00000000d5580000, 0x00000000d5900000, 0x0000000100000000)
  eden space 2048K, 100% used [0x00000000d5580000,0x00000000d5780000,0x00000000d5780000)
  from space 512K, 50% used [0x00000000d5880000,0x00000000d58c0000,0x00000000d5900000)
  to   space 512K, 0% used [0x00000000d5800000,0x00000000d5800000,0x00000000d5880000)
 ParOldGen       total 417792K, used 417341K [0x0000000080000000, 0x0000000099800000, 0x00000000d5580000)
  object space 417792K, 99% used [0x0000000080000000,0x000000009978f550,0x0000000099800000)
 Metaspace       used 62259K, committed 63552K, reserved 1114112K
  class space    used 7160K, committed 7680K, reserved 1048576K
}
Event: 50.681 GC heap after
{Heap after GC invocations=636 (full 3):
 PSYoungGen      total 2560K, used 352K [0x00000000d5580000, 0x00000000d5900000, 0x0000000100000000)
  eden space 2048K, 0% used [0x00000000d5580000,0x00000000d5580000,0x00000000d5780000)
  from space 512K, 68% used [0x00000000d5800000,0x00000000d5858000,0x00000000d5880000)
  to   space 512K, 0% used [0x00000000d5880000,0x00000000d5880000,0x00000000d5900000)
 ParOldGen       total 417792K, used 417517K [0x0000000080000000, 0x0000000099800000, 0x00000000d5580000)
  object space 417792K, 99% used [0x0000000080000000,0x00000000997bb550,0x0000000099800000)
 Metaspace       used 62259K, committed 63552K, reserved 1114112K
  class space    used 7160K, committed 7680K, reserved 1048576K
}
Event: 50.707 GC heap before
{Heap before GC invocations=637 (full 3):
 PSYoungGen      total 2560K, used 2400K [0x00000000d5580000, 0x00000000d5900000, 0x0000000100000000)
  eden space 2048K, 100% used [0x00000000d5580000,0x00000000d5780000,0x00000000d5780000)
  from space 512K, 68% used [0x00000000d5800000,0x00000000d5858000,0x00000000d5880000)
  to   space 512K, 0% used [0x00000000d5880000,0x00000000d5880000,0x00000000d5900000)
 ParOldGen       total 417792K, used 417517K [0x0000000080000000, 0x0000000099800000, 0x00000000d5580000)
  object space 417792K, 99% used [0x0000000080000000,0x00000000997bb550,0x0000000099800000)
 Metaspace       used 62261K, committed 63552K, reserved 1114112K
  class space    used 7161K, committed 7680K, reserved 1048576K
}
Event: 50.710 GC heap after
{Heap after GC invocations=637 (full 3):
 PSYoungGen      total 2560K, used 352K [0x00000000d5580000, 0x00000000d5900000, 0x0000000100000000)
  eden space 2048K, 0% used [0x00000000d5580000,0x00000000d5580000,0x00000000d5780000)
  from space 512K, 68% used [0x00000000d5880000,0x00000000d58d8000,0x00000000d5900000)
  to   space 512K, 0% used [0x00000000d5800000,0x00000000d5800000,0x00000000d5880000)
 ParOldGen       total 417792K, used 417717K [0x0000000080000000, 0x0000000099800000, 0x00000000d5580000)
  object space 417792K, 99% used [0x0000000080000000,0x00000000997ed550,0x0000000099800000)
 Metaspace       used 62261K, committed 63552K, reserved 1114112K
  class space    used 7161K, committed 7680K, reserved 1048576K
}
Event: 50.730 GC heap before
{Heap before GC invocations=638 (full 3):
 PSYoungGen      total 2560K, used 2400K [0x00000000d5580000, 0x00000000d5900000, 0x0000000100000000)
  eden space 2048K, 100% used [0x00000000d5580000,0x00000000d5780000,0x00000000d5780000)
  from space 512K, 68% used [0x00000000d5880000,0x00000000d58d8000,0x00000000d5900000)
  to   space 512K, 0% used [0x00000000d5800000,0x00000000d5800000,0x00000000d5880000)
 ParOldGen       total 417792K, used 417717K [0x0000000080000000, 0x0000000099800000, 0x00000000d5580000)
  object space 417792K, 99% used [0x0000000080000000,0x00000000997ed550,0x0000000099800000)
 Metaspace       used 62265K, committed 63552K, reserved 1114112K
  class space    used 7162K, committed 7680K, reserved 1048576K
}
Event: 50.734 GC heap after
{Heap after GC invocations=638 (full 3):
 PSYoungGen      total 2560K, used 320K [0x00000000d5580000, 0x00000000d5900000, 0x0000000100000000)
  eden space 2048K, 0% used [0x00000000d5580000,0x00000000d5580000,0x00000000d5780000)
  from space 512K, 62% used [0x00000000d5800000,0x00000000d5850000,0x00000000d5880000)
  to   space 512K, 0% used [0x00000000d5880000,0x00000000d5880000,0x00000000d5900000)
 ParOldGen       total 418304K, used 417936K [0x0000000080000000, 0x0000000099880000, 0x00000000d5580000)
  object space 418304K, 99% used [0x0000000080000000,0x0000000099824158,0x0000000099880000)
 Metaspace       used 62265K, committed 63552K, reserved 1114112K
  class space    used 7162K, committed 7680K, reserved 1048576K
}
Event: 50.754 GC heap before
{Heap before GC invocations=639 (full 3):
 PSYoungGen      total 2560K, used 2368K [0x00000000d5580000, 0x00000000d5900000, 0x0000000100000000)
  eden space 2048K, 100% used [0x00000000d5580000,0x00000000d5780000,0x00000000d5780000)
  from space 512K, 62% used [0x00000000d5800000,0x00000000d5850000,0x00000000d5880000)
  to   space 512K, 0% used [0x00000000d5880000,0x00000000d5880000,0x00000000d5900000)
 ParOldGen       total 418304K, used 417936K [0x0000000080000000, 0x0000000099880000, 0x00000000d5580000)
  object space 418304K, 99% used [0x0000000080000000,0x0000000099824158,0x0000000099880000)
 Metaspace       used 62304K, committed 63616K, reserved 1114112K
  class space    used 7163K, committed 7680K, reserved 1048576K
}
Event: 50.757 GC heap after
{Heap after GC invocations=639 (full 3):
 PSYoungGen      total 2560K, used 352K [0x00000000d5580000, 0x00000000d5900000, 0x0000000100000000)
  eden space 2048K, 0% used [0x00000000d5580000,0x00000000d5580000,0x00000000d5780000)
  from space 512K, 68% used [0x00000000d5880000,0x00000000d58d8000,0x00000000d5900000)
  to   space 512K, 0% used [0x00000000d5800000,0x00000000d5800000,0x00000000d5880000)
 ParOldGen       total 418304K, used 418144K [0x0000000080000000, 0x0000000099880000, 0x00000000d5580000)
  object space 418304K, 99% used [0x0000000080000000,0x0000000099858158,0x0000000099880000)
 Metaspace       used 62304K, committed 63616K, reserved 1114112K
  class space    used 7163K, committed 7680K, reserved 1048576K
}

Dll operation events (13 events):
Event: 0.036 Loaded shared library c:\Users\HP\.vscode\extensions\redhat.java-1.44.0-win32-x64\jre\21.0.8-win32-x86_64\bin\java.dll
Event: 0.238 Loaded shared library c:\Users\HP\.vscode\extensions\redhat.java-1.44.0-win32-x64\jre\21.0.8-win32-x86_64\bin\zip.dll
Event: 0.301 Loaded shared library C:\Users\HP\.vscode\extensions\redhat.java-1.44.0-win32-x64\jre\21.0.8-win32-x86_64\bin\instrument.dll
Event: 0.314 Loaded shared library C:\Users\HP\.vscode\extensions\redhat.java-1.44.0-win32-x64\jre\21.0.8-win32-x86_64\bin\net.dll
Event: 0.326 Loaded shared library C:\Users\HP\.vscode\extensions\redhat.java-1.44.0-win32-x64\jre\21.0.8-win32-x86_64\bin\nio.dll
Event: 0.336 Loaded shared library C:\Users\HP\.vscode\extensions\redhat.java-1.44.0-win32-x64\jre\21.0.8-win32-x86_64\bin\zip.dll
Event: 0.410 Loaded shared library C:\Users\HP\.vscode\extensions\redhat.java-1.44.0-win32-x64\jre\21.0.8-win32-x86_64\bin\jimage.dll
Event: 0.907 Loaded shared library c:\Users\HP\.vscode\extensions\redhat.java-1.44.0-win32-x64\jre\21.0.8-win32-x86_64\bin\verify.dll
Event: 4.043 Loaded shared library C:\Users\HP\AppData\Roaming\Code\User\globalStorage\redhat.java\1.44.0\config_win\org.eclipse.equinox.launcher\org.eclipse.equinox.launcher.win32.win32.x86_64_1.2.1400.v20250730-1736\eclipse_11913.dll
Event: 7.915 Loaded shared library C:\Users\HP\AppData\Local\Temp\jna-2312\jna16289963201869020186.dll
Event: 24.265 Loaded shared library C:\Users\HP\.gradle\native\1def1411415f61bf3af743bc5b6707747c0891f09f0c88961ee8f79bc544acac\windows-amd64\native-platform.dll
Event: 30.830 Loaded shared library C:\Users\HP\.vscode\extensions\redhat.java-1.44.0-win32-x64\jre\21.0.8-win32-x86_64\bin\management.dll
Event: 30.851 Loaded shared library C:\Users\HP\.vscode\extensions\redhat.java-1.44.0-win32-x64\jre\21.0.8-win32-x86_64\bin\management_ext.dll

Deoptimization events (20 events):
Event: 49.895 Thread 0x0000024d7f4b7ba0 Uncommon trap: trap_request=0xffffff45 fr.pc=0x0000024d72483e3c relative=0x000000000000133c
Event: 49.895 Thread 0x0000024d7f4b7ba0 Uncommon trap: reason=unstable_if action=reinterpret pc=0x0000024d72483e3c method=org.eclipse.jdt.internal.core.index.DiskIndex.writeDocumentNumbers([ILjava/io/OutputStream;)V @ 20 c2
Event: 49.895 Thread 0x0000024d7f4b7ba0 DEOPT PACKING pc=0x0000024d72483e3c sp=0x0000006188efe8f0
Event: 49.895 Thread 0x0000024d7f4b7ba0 DEOPT UNPACKING pc=0x0000024d717d3aa2 sp=0x0000006188efe938 mode 2
Event: 50.020 Thread 0x0000024d7f4b7ba0 DEOPT PACKING pc=0x0000024d6b55c68d sp=0x0000006188efeab0
Event: 50.020 Thread 0x0000024d7f4b7ba0 DEOPT UNPACKING pc=0x0000024d717d4242 sp=0x0000006188efe030 mode 0
Event: 50.264 Thread 0x0000024d7f4b88c0 DEOPT PACKING pc=0x0000024d6ab618fb sp=0x0000006188af8fd0
Event: 50.264 Thread 0x0000024d7f4b88c0 DEOPT UNPACKING pc=0x0000024d717d4242 sp=0x0000006188af8440 mode 0
Event: 50.275 Thread 0x0000024d7f4b7ba0 DEOPT PACKING pc=0x0000024d6b55c68d sp=0x0000006188efea80
Event: 50.275 Thread 0x0000024d7f4b7ba0 DEOPT UNPACKING pc=0x0000024d717d4242 sp=0x0000006188efe000 mode 0
Event: 50.352 Thread 0x0000024d7f4b7ba0 Uncommon trap: trap_request=0xffffff45 fr.pc=0x0000024d724bc720 relative=0x0000000000001060
Event: 50.352 Thread 0x0000024d7f4b7ba0 Uncommon trap: reason=unstable_if action=reinterpret pc=0x0000024d724bc720 method=org.eclipse.jdt.internal.compiler.classfmt.AnnotationInfo.scanAnnotation(IZZ)I @ 209 c2
Event: 50.352 Thread 0x0000024d7f4b7ba0 DEOPT PACKING pc=0x0000024d724bc720 sp=0x0000006188efe930
Event: 50.352 Thread 0x0000024d7f4b7ba0 DEOPT UNPACKING pc=0x0000024d717d3aa2 sp=0x0000006188efe8e8 mode 2
Event: 50.390 Thread 0x0000024d7f4b7ba0 DEOPT PACKING pc=0x0000024d6aaa5047 sp=0x0000006188efea40
Event: 50.390 Thread 0x0000024d7f4b7ba0 DEOPT UNPACKING pc=0x0000024d717d4242 sp=0x0000006188efdf20 mode 0
Event: 50.648 Thread 0x0000024d7f4b7ba0 DEOPT PACKING pc=0x0000024d6b55c68d sp=0x0000006188efea80
Event: 50.648 Thread 0x0000024d7f4b7ba0 DEOPT UNPACKING pc=0x0000024d717d4242 sp=0x0000006188efe000 mode 0
Event: 50.719 Thread 0x0000024d7f4b7ba0 DEOPT PACKING pc=0x0000024d6b55c68d sp=0x0000006188efea80
Event: 50.719 Thread 0x0000024d7f4b7ba0 DEOPT UNPACKING pc=0x0000024d717d4242 sp=0x0000006188efe000 mode 0

Classes loaded (20 events):
Event: 34.972 Loading class java/util/stream/DistinctOps$1
Event: 34.974 Loading class java/util/stream/DistinctOps$1 done
Event: 34.979 Loading class java/util/stream/DistinctOps$1$2
Event: 34.979 Loading class java/util/stream/DistinctOps$1$2 done
Event: 35.509 Loading class java/util/stream/ReduceOps$5
Event: 35.510 Loading class java/util/stream/ReduceOps$5 done
Event: 35.510 Loading class java/util/stream/ReduceOps$CountingSink$OfRef
Event: 35.510 Loading class java/util/stream/ReduceOps$CountingSink
Event: 35.511 Loading class java/util/stream/ReduceOps$CountingSink done
Event: 35.511 Loading class java/util/stream/ReduceOps$CountingSink$OfRef done
Event: 38.006 Loading class java/util/stream/ReduceOps$1
Event: 38.008 Loading class java/util/stream/ReduceOps$1 done
Event: 38.008 Loading class java/util/stream/ReduceOps$1ReducingSink
Event: 38.008 Loading class java/util/stream/ReduceOps$1ReducingSink done
Event: 47.457 Loading class java/util/concurrent/ForkJoinTask$AdaptedCallable
Event: 47.463 Loading class java/util/concurrent/ForkJoinTask$AdaptedCallable done
Event: 48.357 Loading class sun/nio/fs/WindowsFileCopy
Event: 48.362 Loading class sun/nio/fs/WindowsFileCopy done
Event: 50.619 Loading class java/util/Vector$1
Event: 50.620 Loading class java/util/Vector$1 done

Classes unloaded (20 events):
Event: 9.408 Thread 0x0000024d64dde900 Unloading class 0x0000024d011ad000 'java/lang/invoke/LambdaForm$MH+0x0000024d011ad000'
Event: 9.408 Thread 0x0000024d64dde900 Unloading class 0x0000024d011acc00 'java/lang/invoke/LambdaForm$MH+0x0000024d011acc00'
Event: 9.408 Thread 0x0000024d64dde900 Unloading class 0x0000024d011ac800 'java/lang/invoke/LambdaForm$MH+0x0000024d011ac800'
Event: 9.408 Thread 0x0000024d64dde900 Unloading class 0x0000024d011ac400 'java/lang/invoke/LambdaForm$MH+0x0000024d011ac400'
Event: 9.408 Thread 0x0000024d64dde900 Unloading class 0x0000024d011ac000 'java/lang/invoke/LambdaForm$BMH+0x0000024d011ac000'
Event: 9.408 Thread 0x0000024d64dde900 Unloading class 0x0000024d011abc00 'java/lang/invoke/LambdaForm$DMH+0x0000024d011abc00'
Event: 9.408 Thread 0x0000024d64dde900 Unloading class 0x0000024d011aa800 'java/lang/invoke/LambdaForm$DMH+0x0000024d011aa800'
Event: 12.316 Thread 0x0000024d64dde900 Unloading class 0x0000024d012e2400 'java/lang/invoke/LambdaForm$MH+0x0000024d012e2400'
Event: 12.316 Thread 0x0000024d64dde900 Unloading class 0x0000024d012e1c00 'java/lang/invoke/LambdaForm$MH+0x0000024d012e1c00'
Event: 12.316 Thread 0x0000024d64dde900 Unloading class 0x0000024d012e1400 'java/lang/invoke/LambdaForm$MH+0x0000024d012e1400'
Event: 12.316 Thread 0x0000024d64dde900 Unloading class 0x0000024d012e0c00 'java/lang/invoke/LambdaForm$MH+0x0000024d012e0c00'
Event: 12.316 Thread 0x0000024d64dde900 Unloading class 0x0000024d012e0800 'java/lang/invoke/LambdaForm$DMH+0x0000024d012e0800'
Event: 12.316 Thread 0x0000024d64dde900 Unloading class 0x0000024d012dfc00 'java/lang/invoke/LambdaForm$MH+0x0000024d012dfc00'
Event: 12.316 Thread 0x0000024d64dde900 Unloading class 0x0000024d012dc400 'java/lang/invoke/LambdaForm$MH+0x0000024d012dc400'
Event: 12.316 Thread 0x0000024d64dde900 Unloading class 0x0000024d012dbc00 'java/lang/invoke/LambdaForm$MH+0x0000024d012dbc00'
Event: 12.316 Thread 0x0000024d64dde900 Unloading class 0x0000024d012db400 'java/lang/invoke/LambdaForm$MH+0x0000024d012db400'
Event: 12.316 Thread 0x0000024d64dde900 Unloading class 0x0000024d012db000 'java/lang/invoke/LambdaForm$MH+0x0000024d012db000'
Event: 12.316 Thread 0x0000024d64dde900 Unloading class 0x0000024d012da400 'java/lang/invoke/LambdaForm$MH+0x0000024d012da400'
Event: 12.316 Thread 0x0000024d64dde900 Unloading class 0x0000024d012d9c00 'java/lang/invoke/LambdaForm$MH+0x0000024d012d9c00'
Event: 12.316 Thread 0x0000024d64dde900 Unloading class 0x0000024d012d9400 'java/lang/invoke/LambdaForm$MH+0x0000024d012d9400'

Classes redefined (0 events):
No events

Internal exceptions (20 events):
Event: 48.775 Thread 0x0000024d47846330 Exception <a 'sun/nio/fs/WindowsException'{0x00000000d5668328}> (0x00000000d5668328) 
thrown [s\src\hotspot\share\prims\jni.cpp, line 520]
Event: 48.831 Thread 0x0000024d47844f80 Exception <a 'sun/nio/fs/WindowsException'{0x00000000d56d6f30}> (0x00000000d56d6f30) 
thrown [s\src\hotspot\share\prims\jni.cpp, line 520]
Event: 48.843 Thread 0x0000024d47848a90 Exception <a 'sun/nio/fs/WindowsException'{0x00000000d558e8f8}> (0x00000000d558e8f8) 
thrown [s\src\hotspot\share\prims\jni.cpp, line 520]
Event: 48.948 Thread 0x0000024d47846330 Exception <a 'sun/nio/fs/WindowsException'{0x00000000d56785c0}> (0x00000000d56785c0) 
thrown [s\src\hotspot\share\prims\jni.cpp, line 520]
Event: 48.960 Thread 0x0000024d47848a90 Exception <a 'sun/nio/fs/WindowsException'{0x00000000d576e068}> (0x00000000d576e068) 
thrown [s\src\hotspot\share\prims\jni.cpp, line 520]
Event: 48.964 Thread 0x0000024d47842190 Exception <a 'sun/nio/fs/WindowsException'{0x00000000d5584010}> (0x00000000d5584010) 
thrown [s\src\hotspot\share\prims\jni.cpp, line 520]
Event: 48.966 Thread 0x0000024d47844f80 Exception <a 'sun/nio/fs/WindowsException'{0x00000000d55c3848}> (0x00000000d55c3848) 
thrown [s\src\hotspot\share\prims\jni.cpp, line 520]
Event: 49.044 Thread 0x0000024d47848a90 Exception <a 'sun/nio/fs/WindowsException'{0x00000000d572c118}> (0x00000000d572c118) 
thrown [s\src\hotspot\share\prims\jni.cpp, line 520]
Event: 49.094 Thread 0x0000024d47842190 Exception <a 'sun/nio/fs/WindowsException'{0x00000000d56b6f40}> (0x00000000d56b6f40) 
thrown [s\src\hotspot\share\prims\jni.cpp, line 520]
Event: 49.134 Thread 0x0000024d47848a90 Exception <a 'sun/nio/fs/WindowsException'{0x00000000d5599570}> (0x00000000d5599570) 
thrown [s\src\hotspot\share\prims\jni.cpp, line 520]
Event: 49.318 Thread 0x0000024d47842190 Exception <a 'sun/nio/fs/WindowsException'{0x00000000d569a2e0}> (0x00000000d569a2e0) 
thrown [s\src\hotspot\share\prims\jni.cpp, line 520]
Event: 49.377 Thread 0x0000024d7f4b88c0 Exception <a 'sun/nio/fs/WindowsException'{0x00000000d55efec8}> (0x00000000d55efec8) 
thrown [s\src\hotspot\share\prims\jni.cpp, line 520]
Event: 49.385 Thread 0x0000024d47846330 Exception <a 'sun/nio/fs/WindowsException'{0x00000000d560f4b8}> (0x00000000d560f4b8) 
thrown [s\src\hotspot\share\prims\jni.cpp, line 520]
Event: 49.394 Thread 0x0000024d47844f80 Exception <a 'sun/nio/fs/WindowsException'{0x00000000d569b350}> (0x00000000d569b350) 
thrown [s\src\hotspot\share\prims\jni.cpp, line 520]
Event: 49.414 Thread 0x0000024d47848a90 Exception <a 'sun/nio/fs/WindowsException'{0x00000000d5606ca8}> (0x00000000d5606ca8) 
thrown [s\src\hotspot\share\prims\jni.cpp, line 520]
Event: 49.830 Thread 0x0000024d7f4b7ba0 Exception <a 'sun/nio/fs/WindowsException'{0x00000000d568c918}> (0x00000000d568c918) 
thrown [s\src\hotspot\share\prims\jni.cpp, line 520]
Event: 49.981 Thread 0x0000024d7f4b7ba0 Exception <a 'sun/nio/fs/WindowsException'{0x00000000d5642430}> (0x00000000d5642430) 
thrown [s\src\hotspot\share\prims\jni.cpp, line 520]
Event: 50.198 Thread 0x0000024d7f4b7ba0 Exception <a 'sun/nio/fs/WindowsException'{0x00000000d56920f8}> (0x00000000d56920f8) 
thrown [s\src\hotspot\share\prims\jni.cpp, line 520]
Event: 50.548 Thread 0x0000024d7f4b7ba0 Exception <a 'sun/nio/fs/WindowsException'{0x00000000d572f210}> (0x00000000d572f210) 
thrown [s\src\hotspot\share\prims\jni.cpp, line 520]
Event: 50.809 Thread 0x0000024d7f4b7ba0 Exception <a 'sun/nio/fs/WindowsException'{0x00000000d55ee2c8}> (0x00000000d55ee2c8) 
thrown [s\src\hotspot\share\prims\jni.cpp, line 520]

ZGC Phase Switch (0 events):
No events

VM Operations (20 events):
Event: 50.383 Executing VM operation: ParallelGCFailedAllocation (Allocation Failure) done
Event: 50.433 Executing VM operation: ParallelGCFailedAllocation (Allocation Failure)
Event: 50.435 Executing VM operation: ParallelGCFailedAllocation (Allocation Failure) done
Event: 50.556 Executing VM operation: ParallelGCFailedAllocation (Allocation Failure)
Event: 50.560 Executing VM operation: ParallelGCFailedAllocation (Allocation Failure) done
Event: 50.605 Executing VM operation: ParallelGCFailedAllocation (Allocation Failure)
Event: 50.610 Executing VM operation: ParallelGCFailedAllocation (Allocation Failure) done
Event: 50.629 Executing VM operation: ParallelGCFailedAllocation (Allocation Failure)
Event: 50.633 Executing VM operation: ParallelGCFailedAllocation (Allocation Failure) done
Event: 50.656 Executing VM operation: ParallelGCFailedAllocation (Allocation Failure)
Event: 50.660 Executing VM operation: ParallelGCFailedAllocation (Allocation Failure) done
Event: 50.678 Executing VM operation: ParallelGCFailedAllocation (Allocation Failure)
Event: 50.681 Executing VM operation: ParallelGCFailedAllocation (Allocation Failure) done
Event: 50.707 Executing VM operation: ParallelGCFailedAllocation (Allocation Failure)
Event: 50.710 Executing VM operation: ParallelGCFailedAllocation (Allocation Failure) done
Event: 50.730 Executing VM operation: ParallelGCFailedAllocation (Allocation Failure)
Event: 50.734 Executing VM operation: ParallelGCFailedAllocation (Allocation Failure) done
Event: 50.754 Executing VM operation: ParallelGCFailedAllocation (Allocation Failure)
Event: 50.757 Executing VM operation: ParallelGCFailedAllocation (Allocation Failure) done
Event: 51.758 Executing VM operation: Cleanup

Memory protections (0 events):
No events

Nmethod flushes (20 events):
Event: 34.200 Thread 0x0000024d64dde900 flushing  nmethod 0x0000024d6acb6190
Event: 34.200 Thread 0x0000024d64dde900 flushing  nmethod 0x0000024d6acbfe10
Event: 34.200 Thread 0x0000024d64dde900 flushing  nmethod 0x0000024d6ace8a10
Event: 34.200 Thread 0x0000024d64dde900 flushing  nmethod 0x0000024d6ace9690
Event: 34.200 Thread 0x0000024d64dde900 flushing  nmethod 0x0000024d6ace9b10
Event: 34.200 Thread 0x0000024d64dde900 flushing  nmethod 0x0000024d6acea410
Event: 34.200 Thread 0x0000024d64dde900 flushing  nmethod 0x0000024d6acea790
Event: 34.200 Thread 0x0000024d64dde900 flushing  nmethod 0x0000024d6aceb690
Event: 34.200 Thread 0x0000024d64dde900 flushing  nmethod 0x0000024d6acebc90
Event: 34.200 Thread 0x0000024d64dde900 flushing  nmethod 0x0000024d6acec510
Event: 34.200 Thread 0x0000024d64dde900 flushing  nmethod 0x0000024d6aceca10
Event: 34.200 Thread 0x0000024d64dde900 flushing  nmethod 0x0000024d6acecf10
Event: 34.200 Thread 0x0000024d64dde900 flushing  nmethod 0x0000024d6aceef10
Event: 34.200 Thread 0x0000024d64dde900 flushing  nmethod 0x0000024d6acf0f90
Event: 34.200 Thread 0x0000024d64dde900 flushing  nmethod 0x0000024d6ad1da10
Event: 34.200 Thread 0x0000024d64dde900 flushing  nmethod 0x0000024d6ad1df10
Event: 34.200 Thread 0x0000024d64dde900 flushing  nmethod 0x0000024d6ad21310
Event: 34.200 Thread 0x0000024d64dde900 flushing  nmethod 0x0000024d6ad30b90
Event: 34.200 Thread 0x0000024d64dde900 flushing  nmethod 0x0000024d6ad33f10
Event: 34.200 Thread 0x0000024d64dde900 flushing  nmethod 0x0000024d6ad34510

Events (20 events):
Event: 18.155 Thread 0x0000024d7f79d850 Thread exited: 0x0000024d7f79d850
Event: 21.631 Thread 0x0000024d477a1ee0 Thread added: 0x0000024d478448f0
Event: 21.961 Thread 0x0000024d477a1ee0 Thread added: 0x0000024d47845610
Event: 26.258 Thread 0x0000024d7f4b6e80 Thread added: 0x0000024d47842eb0
Event: 31.290 Thread 0x0000024d47845610 Thread exited: 0x0000024d47845610
Event: 33.286 Thread 0x0000024d464e1fd0 Thread exited: 0x0000024d464e1fd0
Event: 47.478 Thread 0x0000024d7f4b88c0 Thread added: 0x0000024d47844f80
Event: 47.525 Thread 0x0000024d47844f80 Thread added: 0x0000024d47845610
Event: 47.537 Thread 0x0000024d47845610 Thread added: 0x0000024d47842190
Event: 47.541 Thread 0x0000024d47842190 Thread added: 0x0000024d47845ca0
Event: 47.544 Thread 0x0000024d47845ca0 Thread added: 0x0000024d47842820
Event: 47.552 Thread 0x0000024d47844f80 Thread added: 0x0000024d47846330
Event: 47.561 Thread 0x0000024d47846330 Thread added: 0x0000024d478497b0
Event: 47.561 Thread 0x0000024d47844f80 Thread added: 0x0000024d47848a90
Event: 49.729 Thread 0x0000024d7f4b88c0 Thread added: 0x0000024d47847d70
Event: 49.730 Thread 0x0000024d7f4b88c0 Thread added: 0x0000024d478469c0
Event: 49.730 Thread 0x0000024d7f4b88c0 Thread added: 0x0000024d47849120
Event: 49.730 Thread 0x0000024d7f4b88c0 Thread added: 0x0000024d47847050
Event: 49.730 Thread 0x0000024d7f4b88c0 Thread added: 0x0000024d478476e0
Event: 49.731 Thread 0x0000024d7f4b88c0 Thread added: 0x0000024d47848400


Dynamic libraries:
0x00007ff7051f0000 - 0x00007ff7051fe000 	c:\Users\HP\.vscode\extensions\redhat.java-1.44.0-win32-x64\jre\21.0.8-win32-x86_64\bin\java.exe
0x00007ffcb51a0000 - 0x00007ffcb5408000 	C:\WINDOWS\SYSTEM32\ntdll.dll
0x00007ffcb3fa0000 - 0x00007ffcb4069000 	C:\WINDOWS\System32\KERNEL32.DLL
0x00007ffcb26b0000 - 0x00007ffcb2a9d000 	C:\WINDOWS\System32\KERNELBASE.dll
0x00007ffcb2380000 - 0x00007ffcb24cb000 	C:\WINDOWS\System32\ucrtbase.dll
0x00007ffc9c0a0000 - 0x00007ffc9c0b8000 	c:\Users\HP\.vscode\extensions\redhat.java-1.44.0-win32-x64\jre\21.0.8-win32-x86_64\bin\jli.dll
0x00007ffc9a160000 - 0x00007ffc9a17e000 	c:\Users\HP\.vscode\extensions\redhat.java-1.44.0-win32-x64\jre\21.0.8-win32-x86_64\bin\VCRUNTIME140.dll
0x00007ffcb3bf0000 - 0x00007ffcb3dbc000 	C:\WINDOWS\System32\USER32.dll
0x00007ffcb2d90000 - 0x00007ffcb2db7000 	C:\WINDOWS\System32\win32u.dll
0x00007ffc9a2a0000 - 0x00007ffc9a53a000 	C:\WINDOWS\WinSxS\amd64_microsoft.windows.common-controls_6595b64144ccf1df_6.0.26100.4484_none_3e0e6d4ce32ef3b3\COMCTL32.dll
0x00007ffcb5130000 - 0x00007ffcb515b000 	C:\WINDOWS\System32\GDI32.dll
0x00007ffcb43f0000 - 0x00007ffcb4499000 	C:\WINDOWS\System32\msvcrt.dll
0x00007ffcb24d0000 - 0x00007ffcb2607000 	C:\WINDOWS\System32\gdi32full.dll
0x00007ffcb2b60000 - 0x00007ffcb2c03000 	C:\WINDOWS\System32\msvcp_win.dll
0x00007ffcb3ab0000 - 0x00007ffcb3adf000 	C:\WINDOWS\System32\IMM32.DLL
0x00007ffc9ef20000 - 0x00007ffc9ef2c000 	c:\Users\HP\.vscode\extensions\redhat.java-1.44.0-win32-x64\jre\21.0.8-win32-x86_64\bin\vcruntime140_1.dll
0x00007ffc82bc0000 - 0x00007ffc82c4d000 	c:\Users\HP\.vscode\extensions\redhat.java-1.44.0-win32-x64\jre\21.0.8-win32-x86_64\bin\msvcp140.dll
0x00007ffc6e420000 - 0x00007ffc6f1b7000 	c:\Users\HP\.vscode\extensions\redhat.java-1.44.0-win32-x64\jre\21.0.8-win32-x86_64\bin\server\jvm.dll
0x00007ffcb39f0000 - 0x00007ffcb3aa4000 	C:\WINDOWS\System32\ADVAPI32.dll
0x00007ffcb34c0000 - 0x00007ffcb3566000 	C:\WINDOWS\System32\sechost.dll
0x00007ffcb4200000 - 0x00007ffcb4318000 	C:\WINDOWS\System32\RPCRT4.dll
0x00007ffcb40f0000 - 0x00007ffcb4164000 	C:\WINDOWS\System32\WS2_32.dll
0x00007ffcb2140000 - 0x00007ffcb219e000 	C:\WINDOWS\SYSTEM32\POWRPROF.dll
0x00007ffcab940000 - 0x00007ffcab94b000 	C:\WINDOWS\SYSTEM32\VERSION.dll
0x00007ffcab900000 - 0x00007ffcab935000 	C:\WINDOWS\SYSTEM32\WINMM.dll
0x00007ffcb2120000 - 0x00007ffcb2134000 	C:\WINDOWS\SYSTEM32\UMPDC.dll
0x00007ffcb1090000 - 0x00007ffcb10ab000 	C:\WINDOWS\SYSTEM32\kernel.appcore.dll
0x00007ffc9dea0000 - 0x00007ffc9deaa000 	c:\Users\HP\.vscode\extensions\redhat.java-1.44.0-win32-x64\jre\21.0.8-win32-x86_64\bin\jimage.dll
0x00007ffca74b0000 - 0x00007ffca76f1000 	C:\WINDOWS\SYSTEM32\DBGHELP.DLL
0x00007ffcb3570000 - 0x00007ffcb38f6000 	C:\WINDOWS\System32\combase.dll
0x00007ffcb3900000 - 0x00007ffcb39e0000 	C:\WINDOWS\System32\OLEAUT32.dll
0x00007ffc99620000 - 0x00007ffc99663000 	C:\WINDOWS\SYSTEM32\dbgcore.DLL
0x00007ffcb2610000 - 0x00007ffcb26a9000 	C:\WINDOWS\System32\bcryptPrimitives.dll
0x00007ffc9c1b0000 - 0x00007ffc9c1bf000 	c:\Users\HP\.vscode\extensions\redhat.java-1.44.0-win32-x64\jre\21.0.8-win32-x86_64\bin\instrument.dll
0x00007ffc955b0000 - 0x00007ffc955cf000 	c:\Users\HP\.vscode\extensions\redhat.java-1.44.0-win32-x64\jre\21.0.8-win32-x86_64\bin\java.dll
0x00007ffcb49e0000 - 0x00007ffcb512a000 	C:\WINDOWS\System32\SHELL32.dll
0x00007ffcb2dc0000 - 0x00007ffcb2f34000 	C:\WINDOWS\System32\wintypes.dll
0x00007ffcaff70000 - 0x00007ffcb07cb000 	C:\WINDOWS\SYSTEM32\windows.storage.dll
0x00007ffcb2f60000 - 0x00007ffcb3055000 	C:\WINDOWS\System32\SHCORE.dll
0x00007ffcb44a0000 - 0x00007ffcb450a000 	C:\WINDOWS\System32\shlwapi.dll
0x00007ffcb2200000 - 0x00007ffcb222f000 	C:\WINDOWS\SYSTEM32\profapi.dll
0x00007ffc92060000 - 0x00007ffc92078000 	c:\Users\HP\.vscode\extensions\redhat.java-1.44.0-win32-x64\jre\21.0.8-win32-x86_64\bin\zip.dll
0x00007ffc9de50000 - 0x00007ffc9de60000 	C:\Users\HP\.vscode\extensions\redhat.java-1.44.0-win32-x64\jre\21.0.8-win32-x86_64\bin\net.dll
0x00007ffca8e50000 - 0x00007ffca8f6e000 	C:\WINDOWS\SYSTEM32\WINHTTP.dll
0x00007ffcb1620000 - 0x00007ffcb168a000 	C:\WINDOWS\system32\mswsock.dll
0x00007ffc92040000 - 0x00007ffc92056000 	C:\Users\HP\.vscode\extensions\redhat.java-1.44.0-win32-x64\jre\21.0.8-win32-x86_64\bin\nio.dll
0x00007ffc971e0000 - 0x00007ffc971f0000 	c:\Users\HP\.vscode\extensions\redhat.java-1.44.0-win32-x64\jre\21.0.8-win32-x86_64\bin\verify.dll
0x00007ffc73910000 - 0x00007ffc73955000 	C:\Users\HP\AppData\Roaming\Code\User\globalStorage\redhat.java\1.44.0\config_win\org.eclipse.equinox.launcher\org.eclipse.equinox.launcher.win32.win32.x86_64_1.2.1400.v20250730-1736\eclipse_11913.dll
0x00007ffcb3310000 - 0x00007ffcb34ae000 	C:\WINDOWS\System32\ole32.dll
0x00007ffcb18e0000 - 0x00007ffcb18fb000 	C:\WINDOWS\SYSTEM32\CRYPTSP.dll
0x00007ffcb0ff0000 - 0x00007ffcb102b000 	C:\WINDOWS\system32\rsaenh.dll
0x00007ffcb16c0000 - 0x00007ffcb16eb000 	C:\WINDOWS\SYSTEM32\USERENV.dll
0x00007ffcb21d0000 - 0x00007ffcb21f6000 	C:\WINDOWS\SYSTEM32\bcrypt.dll
0x00007ffcb18d0000 - 0x00007ffcb18dc000 	C:\WINDOWS\SYSTEM32\CRYPTBASE.dll
0x00007ffcb0b10000 - 0x00007ffcb0b43000 	C:\WINDOWS\SYSTEM32\IPHLPAPI.DLL
0x00007ffcb3060000 - 0x00007ffcb306a000 	C:\WINDOWS\System32\NSI.dll
0x00007ffc706e0000 - 0x00007ffc70729000 	C:\Users\HP\AppData\Local\Temp\jna-2312\jna16289963201869020186.dll
0x00007ffcb2f40000 - 0x00007ffcb2f48000 	C:\WINDOWS\System32\PSAPI.DLL
0x00007ffca8e20000 - 0x00007ffca8e3f000 	C:\WINDOWS\SYSTEM32\dhcpcsvc6.DLL
0x00007ffca8df0000 - 0x00007ffca8e15000 	C:\WINDOWS\SYSTEM32\dhcpcsvc.DLL
0x00007ffc90b70000 - 0x00007ffc90b97000 	C:\Users\HP\.gradle\native\1def1411415f61bf3af743bc5b6707747c0891f09f0c88961ee8f79bc544acac\windows-amd64\native-platform.dll
0x00007ffc94e90000 - 0x00007ffc94e9a000 	C:\Users\HP\.vscode\extensions\redhat.java-1.44.0-win32-x64\jre\21.0.8-win32-x86_64\bin\management.dll
0x00007ffc92790000 - 0x00007ffc9279b000 	C:\Users\HP\.vscode\extensions\redhat.java-1.44.0-win32-x64\jre\21.0.8-win32-x86_64\bin\management_ext.dll

JVMTI agents:
c:\Users\HP\.vscode\extensions\redhat.java-1.44.0-win32-x64\lombok\lombok-1.18.39-4050.jar path:c:\Users\HP\.vscode\extensions\redhat.java-1.44.0-win32-x64\jre\21.0.8-win32-x86_64\bin\instrument.dll, loaded, initialized, instrumentlib options:none

dbghelp: loaded successfully - version: 4.0.5 - missing functions: none
symbol engine: initialized successfully - sym options: 0x614 - pdb path: .;c:\Users\HP\.vscode\extensions\redhat.java-1.44.0-win32-x64\jre\21.0.8-win32-x86_64\bin;C:\WINDOWS\SYSTEM32;C:\WINDOWS\WinSxS\amd64_microsoft.windows.common-controls_6595b64144ccf1df_6.0.26100.4484_none_3e0e6d4ce32ef3b3;c:\Users\HP\.vscode\extensions\redhat.java-1.44.0-win32-x64\jre\21.0.8-win32-x86_64\bin\server;C:\Users\HP\AppData\Roaming\Code\User\globalStorage\redhat.java\1.44.0\config_win\org.eclipse.equinox.launcher\org.eclipse.equinox.launcher.win32.win32.x86_64_1.2.1400.v20250730-1736;C:\Users\HP\AppData\Local\Temp\jna-2312;C:\Users\HP\.gradle\native\1def1411415f61bf3af743bc5b6707747c0891f09f0c88961ee8f79bc544acac\windows-amd64

VM Arguments:
jvm_args: --add-modules=ALL-SYSTEM --add-opens=java.base/java.util=ALL-UNNAMED --add-opens=java.base/java.lang=ALL-UNNAMED --add-opens=java.base/sun.nio.fs=ALL-UNNAMED -Declipse.application=org.eclipse.jdt.ls.core.id1 -Dosgi.bundles.defaultStartLevel=4 -Declipse.product=org.eclipse.jdt.ls.core.product -Djava.import.generatesMetadataFilesAtProjectRoot=false -DDetectVMInstallationsJob.disabled=true -Dfile.encoding=utf8 -XX:+UseParallelGC -XX:GCTimeRatio=4 -XX:AdaptiveSizePolicyWeight=90 -Dsun.zip.disableMemoryMapping=true -Xmx2G -Xms100m -Xlog:disable -javaagent:c:\Users\HP\.vscode\extensions\redhat.java-1.44.0-win32-x64\lombok\lombok-1.18.39-4050.jar -XX:+HeapDumpOnOutOfMemoryError -XX:HeapDumpPath=c:\Users\HP\AppData\Roaming\Code\User\workspaceStorage\11f40e883a13e0d0e286c21601038b37\redhat.java -Daether.dependencyCollector.impl=bf 
java_command: c:\Users\HP\.vscode\extensions\redhat.java-1.44.0-win32-x64\server\plugins\org.eclipse.equinox.launcher_1.7.0.v20250519-0528.jar -configuration c:\Users\HP\AppData\Roaming\Code\User\globalStorage\redhat.java\1.44.0\config_win -data c:\Users\HP\AppData\Roaming\Code\User\workspaceStorage\11f40e883a13e0d0e286c21601038b37\redhat.java\jdt_ws --pipe=\\.\pipe\lsp-6a02479d7ed0838c43eb3121568934a6-sock
java_class_path (initial): c:\Users\HP\.vscode\extensions\redhat.java-1.44.0-win32-x64\server\plugins\org.eclipse.equinox.launcher_1.7.0.v20250519-0528.jar
Launcher Type: SUN_STANDARD

[Global flags]
    uintx AdaptiveSizePolicyWeight                 = 90                                        {product} {command line}
     intx CICompilerCount                          = 4                                         {product} {ergonomic}
    uintx GCTimeRatio                              = 4                                         {product} {command line}
     bool HeapDumpOnOutOfMemoryError               = true                                   {manageable} {command line}
    ccstr HeapDumpPath                             = c:\Users\HP\AppData\Roaming\Code\User\workspaceStorage\11f40e883a13e0d0e286c21601038b37\redhat.java         {manageable} {command line}
   size_t InitialHeapSize                          = 104857600                                 {product} {command line}
   size_t MaxHeapSize                              = 2147483648                                {product} {command line}
   size_t MaxNewSize                               = 715653120                                 {product} {ergonomic}
   size_t MinHeapDeltaBytes                        = 524288                                    {product} {ergonomic}
   size_t MinHeapSize                              = 104857600                                 {product} {command line}
   size_t NewSize                                  = 34603008                                  {product} {ergonomic}
    uintx NonNMethodCodeHeapSize                   = 5839372                                {pd product} {ergonomic}
    uintx NonProfiledCodeHeapSize                  = 122909434                              {pd product} {ergonomic}
   size_t OldSize                                  = 70254592                                  {product} {ergonomic}
    uintx ProfiledCodeHeapSize                     = 122909434                              {pd product} {ergonomic}
    uintx ReservedCodeCacheSize                    = 251658240                              {pd product} {ergonomic}
     bool SegmentedCodeCache                       = true                                      {product} {ergonomic}
   size_t SoftMaxHeapSize                          = 2147483648                             {manageable} {ergonomic}
     bool UseCompressedOops                        = true                           {product lp64_product} {ergonomic}
     bool UseLargePagesIndividualAllocation        = false                                  {pd product} {ergonomic}
     bool UseParallelGC                            = true                                      {product} {command line}

Logging:
Log output configuration:
 #0: stdout all=off uptime,level,tags foldmultilines=false
 #1: stderr all=off uptime,level,tags foldmultilines=false

Environment Variables:
JAVA_HOME=C:\Program Files\Microsoft\jdk-17.0.15.6-hotspot
PATH=C:\Program Files\Microsoft\jdk-17.0.15.6-hotspot\bin;C:\Program Files\Common Files\Oracle\Java\javapath;C:\Program Files (x86)\Common Files\Oracle\Java\javapath;C:\Program Files\Python310\Scripts\;C:\Program Files\Python310\;C:\WINDOWS\system32;C:\WINDOWS;C:\WINDOWS\System32\Wbem;C:\WINDOWS\System32\WindowsPowerShell\v1.0\;C:\WINDOWS\System32\OpenSSH\;C:\Program Files (x86)\Microsoft SQL Server\160\Tools\Binn\;C:\Program Files\Microsoft SQL Server\160\Tools\Binn\;C:\Program Files\Microsoft SQL Server\Client SDK\ODBC\170\Tools\Binn\;C:\Program Files\Microsoft SQL Server\160\DTS\Binn\;C:\ProgramData\chocolatey\bin;C:\Program Files (x86)\Yarn\bin\;C:\Program Files\Git\cmd;C:\apache-maven-3.9.1\bin;C:\Program Files\Java\jdk-20\bin;C:\Users\HP\AppData\Roaming\Python\Python310\Scripts;C:\MinGW\bin;C:\Program Files\Android\Android Studio1\bin;C:\Users\HP\AppData\Local\Android\Sdk\platform-tools;C:\composer;C:\Program Files\nodejs\;C:\Program Files\Microsoft\jdk-17.0.15.6-hotspot\bin;C:\Users\HP\AppData\Local\Microsoft\WindowsApps;C:\Users\HP\AppData\Local\Programs\Microsoft VS Code\bin;C:\Users\HP\AppData\Local\Yarn\bin;C:\Users\HP\AppData\Local\GitHubDesktop\bin;C:\Program Files\JetBrains\IntelliJ IDEA Community Edition 2023.1.1\bin;;C:\Program Files\Android\Android Studio1\bin;C:\wamp64\bin\php\php8.1.31;C:\Users\HP\AppData\Roaming\Composer\vendor\bin;C:\Users\HP\AppData\Roaming\npm;C:\Program Files\Microsoft\jdk-17.0.15.6-hotspot\bin;
USERNAME=HP
OS=Windows_NT
PROCESSOR_IDENTIFIER=AMD64 Family 23 Model 24 Stepping 1, AuthenticAMD
TMP=C:\Users\HP\AppData\Local\Temp
TEMP=C:\Users\HP\AppData\Local\Temp




Periodic native trim disabled

---------------  S Y S T E M  ---------------

OS:
 Windows 11 , 64 bit Build 26100 (10.0.26100.4484)
OS uptime: 0 days 11:15 hours

CPU: total 8 (initial active 8) (8 cores per cpu, 2 threads per core) family 23 model 24 stepping 1 microcode 0x8108109, cx8, cmov, fxsr, ht, mmx, 3dnowpref, sse, sse2, sse3, ssse3, sse4a, sse4.1, sse4.2, popcnt, lzcnt, tsc, tscinvbit, avx, avx2, aes, clmul, bmi1, bmi2, adx, sha, fma, vzeroupper, clflush, clflushopt, rdtscp, f16c
Processor Information for the first 8 processors :
  Max Mhz: 2100, Current Mhz: 2100, Mhz Limit: 2100

Memory: 4k page, system-wide physical 6017M (100M free)
TotalPageFile size 24449M (AvailPageFile size 64M)
current process WorkingSet (physical memory assigned to process): 344M, peak: 469M
current process commit charge ("private bytes"): 699M, peak: 715M

vm_info: OpenJDK 64-Bit Server VM (21.0.8+9-LTS) for windows-amd64 JRE (21.0.8+9-LTS), built on 2025-07-15T00:00:00Z by "admin" with MS VC++ 17.7 (VS2022)

END.
