#
# There is insufficient memory for the Java Runtime Environment to continue.
# Native memory allocation (mmap) failed to map 67108864 bytes. Error detail: G1 virtual space
# Possible reasons:
#   The system is out of physical RAM or swap space
#   This process is running with CompressedOops enabled, and the Java Heap may be blocking the growth of the native heap
# Possible solutions:
#   Reduce memory load on the system
#   Increase physical memory or swap space
#   Check if swap backing store is full
#   Decrease Java heap size (-Xmx/-Xms)
#   Decrease number of Java threads
#   Decrease Java thread stack sizes (-Xss)
#   Set larger code cache with -XX:ReservedCodeCacheSize=
#   JVM is running with Unscaled Compressed Oops mode in which the Java heap is
#     placed in the first 4GB address space. The Java Heap base address is the
#     maximum limit for the native heap growth. Please use -XX:HeapBaseMinAddress
#     to set the Java Heap base and to place the Java Heap above 4GB virtual address.
# This output file may be truncated or incomplete.
#
#  Out of Memory Error (os_windows.cpp:3710), pid=7236, tid=19596
#
# JRE version:  (17.0.15+6) (build )
# Java VM: OpenJDK 64-Bit Server VM (17.0.15+6-LTS, mixed mode, sharing, tiered, compressed oops, compressed class ptrs, g1 gc, windows-amd64)
# No core dump will be written. Minidumps are not enabled by default on client versions of Windows
#

---------------  S U M M A R Y ------------

Command Line: -Xmx64m -Xms64m -Dorg.gradle.appname=gradlew d:\Hisabkitab\android\\gradle\wrapper\gradle-wrapper.jar --version

Host: AMD Ryzen 5 3500U with Radeon Vega Mobile Gfx  , 8 cores, 5G,  Windows 11 , 64 bit Build 26100 (10.0.26100.4484)
Time: Sat Jul 19 00:47:39 2025 India Standard Time elapsed time: 2.339438 seconds (0d 0h 0m 2s)

---------------  T H R E A D  ---------------

Current thread (0x0000018b2dd4ae80):  JavaThread "Unknown thread" [_thread_in_vm, id=19596, stack(0x00000008f1f00000,0x00000008f2000000)]

Stack: [0x00000008f1f00000,0x00000008f2000000]
Native frames: (J=compiled Java code, j=interpreted, Vv=VM code, C=native code)
V  [jvm.dll+0x6887a9]
V  [jvm.dll+0x83f5a8]
V  [jvm.dll+0x841053]
V  [jvm.dll+0x8416c3]
V  [jvm.dll+0x2496ef]
V  [jvm.dll+0x6856e9]
V  [jvm.dll+0x679b7a]
V  [jvm.dll+0x30b0d7]
V  [jvm.dll+0x312646]
V  [jvm.dll+0x36300e]
V  [jvm.dll+0x36324d]
V  [jvm.dll+0x2e236c]
V  [jvm.dll+0x2e3284]
V  [jvm.dll+0x8114db]
V  [jvm.dll+0x370d21]
V  [jvm.dll+0x7f011f]
V  [jvm.dll+0x3f781e]
V  [jvm.dll+0x3f9351]
C  [jli.dll+0x52a0]
C  [ucrtbase.dll+0x37b0]
C  [KERNEL32.DLL+0x2e8d7]
C  [ntdll.dll+0x3c34c]


---------------  P R O C E S S  ---------------

Threads class SMR info:
_java_thread_list=0x00007ffc7f53efd8, length=0, elements={
}

Java Threads: ( => current thread )

Other Threads:
  0x0000018b2dd6d160 GCTaskThread "GC Thread#0" [stack: 0x00000008f2000000,0x00000008f2100000] [id=21736]
  0x0000018b2dd6e8b0 ConcurrentGCThread "G1 Main Marker" [stack: 0x00000008f2100000,0x00000008f2200000] [id=2096]
  0x0000018b2dd6f2d0 ConcurrentGCThread "G1 Conc#0" [stack: 0x00000008f2200000,0x00000008f2300000] [id=16700]

[error occurred during error reporting (printing all threads), id 0xc0000005, EXCEPTION_ACCESS_VIOLATION (0xc0000005) at pc=0x00007ffc7ecf2ec7]

VM state: not at safepoint (not fully initialized)

VM Mutex/Monitor currently owned by a thread:  ([mutex/lock_event])
[0x0000018b2dd482a0] Heap_lock - owner thread: 0x0000018b2dd4ae80

Heap address: 0x00000000fc000000, size: 64 MB, Compressed Oops mode: 32-bit

CDS archive(s) mapped at: [0x0000000000000000-0x0000000000000000-0x0000000000000000), size 0, SharedBaseAddress: 0x0000000800000000, ArchiveRelocationMode: 1.
Narrow klass base: 0x0000000000000000, Narrow klass shift: 0, Narrow klass range: 0x0

GC Precious Log:
<Empty>

Heap:
 garbage-first heap   total 0K, used 0K [0x00000000fc000000, 0x0000000100000000)
  region size 1024K, 0 young (0K), 0 survivors (0K)

[error occurred during error reporting (printing heap information), id 0xc0000005, EXCEPTION_ACCESS_VIOLATION (0xc0000005) at pc=0x00007ffc7f0e2339]

GC Heap History (0 events):
No events

Dll operation events (1 events):
Event: 0.055 Loaded shared library C:\Program Files\Microsoft\jdk-17.0.15.6-hotspot\bin\java.dll

Deoptimization events (0 events):
No events

Classes loaded (0 events):
No events

Classes unloaded (0 events):
No events

Classes redefined (0 events):
No events

Internal exceptions (0 events):
No events

VM Operations (0 events):
No events

Memory protections (0 events):
No events

Nmethod flushes (0 events):
No events

Events (0 events):
No events


Dynamic libraries:
0x00007ff6c2210000 - 0x00007ff6c221e000 	C:\Program Files\Microsoft\jdk-17.0.15.6-hotspot\bin\java.exe
0x00007ffd214e0000 - 0x00007ffd21748000 	C:\WINDOWS\SYSTEM32\ntdll.dll
0x00007ffd20470000 - 0x00007ffd20539000 	C:\WINDOWS\System32\KERNEL32.DLL
0x00007ffd1eda0000 - 0x00007ffd1f18d000 	C:\WINDOWS\System32\KERNELBASE.dll
0x00007ffd1ea70000 - 0x00007ffd1ebbb000 	C:\WINDOWS\System32\ucrtbase.dll
0x00007ffd0a8f0000 - 0x00007ffd0a907000 	C:\Program Files\Microsoft\jdk-17.0.15.6-hotspot\bin\jli.dll
0x00007ffd1f7f0000 - 0x00007ffd1f9bc000 	C:\WINDOWS\System32\USER32.dll
0x00007ffd1f250000 - 0x00007ffd1f277000 	C:\WINDOWS\System32\win32u.dll
0x00007ffd1fb10000 - 0x00007ffd1fb3b000 	C:\WINDOWS\System32\GDI32.dll
0x00007ffd1ebc0000 - 0x00007ffd1ecf7000 	C:\WINDOWS\System32\gdi32full.dll
0x00007ffd1e630000 - 0x00007ffd1e6d3000 	C:\WINDOWS\System32\msvcp_win.dll
0x00007ffd077a0000 - 0x00007ffd07a3a000 	C:\WINDOWS\WinSxS\amd64_microsoft.windows.common-controls_6595b64144ccf1df_6.0.26100.4484_none_3e0e6d4ce32ef3b3\COMCTL32.dll
0x00007ffcfe6c0000 - 0x00007ffcfe6dd000 	C:\Program Files\Microsoft\jdk-17.0.15.6-hotspot\bin\VCRUNTIME140.dll
0x00007ffd208d0000 - 0x00007ffd20979000 	C:\WINDOWS\System32\msvcrt.dll
0x00007ffd20bf0000 - 0x00007ffd20c1f000 	C:\WINDOWS\System32\IMM32.DLL
0x00007ffd1b580000 - 0x00007ffd1b58c000 	C:\Program Files\Microsoft\jdk-17.0.15.6-hotspot\bin\vcruntime140_1.dll
0x00007ffce7c20000 - 0x00007ffce7cad000 	C:\Program Files\Microsoft\jdk-17.0.15.6-hotspot\bin\msvcp140.dll
0x00007ffc7ea00000 - 0x00007ffc7f672000 	C:\Program Files\Microsoft\jdk-17.0.15.6-hotspot\bin\server\jvm.dll
0x00007ffd1f3b0000 - 0x00007ffd1f464000 	C:\WINDOWS\System32\ADVAPI32.dll
0x00007ffd20a10000 - 0x00007ffd20ab6000 	C:\WINDOWS\System32\sechost.dll
0x00007ffd1f4f0000 - 0x00007ffd1f608000 	C:\WINDOWS\System32\RPCRT4.dll
0x00007ffd1f470000 - 0x00007ffd1f4e4000 	C:\WINDOWS\System32\WS2_32.dll
0x00007ffd17c20000 - 0x00007ffd17c2b000 	C:\WINDOWS\SYSTEM32\VERSION.dll
0x00007ffd1e480000 - 0x00007ffd1e4de000 	C:\WINDOWS\SYSTEM32\POWRPROF.dll
0x00007ffd17be0000 - 0x00007ffd17c15000 	C:\WINDOWS\SYSTEM32\WINMM.dll
0x00007ffd1e460000 - 0x00007ffd1e474000 	C:\WINDOWS\SYSTEM32\UMPDC.dll
0x00007ffd1d3d0000 - 0x00007ffd1d3eb000 	C:\WINDOWS\SYSTEM32\kernel.appcore.dll
0x00007ffd0a8e0000 - 0x00007ffd0a8ea000 	C:\Program Files\Microsoft\jdk-17.0.15.6-hotspot\bin\jimage.dll
0x00007ffd13990000 - 0x00007ffd13bd1000 	C:\WINDOWS\SYSTEM32\DBGHELP.DLL
0x00007ffd20540000 - 0x00007ffd208c6000 	C:\WINDOWS\System32\combase.dll
0x00007ffd1f2b0000 - 0x00007ffd1f390000 	C:\WINDOWS\System32\OLEAUT32.dll
0x00007ffd07530000 - 0x00007ffd07573000 	C:\WINDOWS\SYSTEM32\dbgcore.DLL
0x00007ffd1ed00000 - 0x00007ffd1ed99000 	C:\WINDOWS\System32\bcryptPrimitives.dll
0x00007ffc7e800000 - 0x00007ffc7e825000 	C:\Program Files\Microsoft\jdk-17.0.15.6-hotspot\bin\java.dll

dbghelp: loaded successfully - version: 4.0.5 - missing functions: none
symbol engine: initialized successfully - sym options: 0x614 - pdb path: .;C:\Program Files\Microsoft\jdk-17.0.15.6-hotspot\bin;C:\WINDOWS\SYSTEM32;C:\WINDOWS\WinSxS\amd64_microsoft.windows.common-controls_6595b64144ccf1df_6.0.26100.4484_none_3e0e6d4ce32ef3b3;C:\Program Files\Microsoft\jdk-17.0.15.6-hotspot\bin\server

VM Arguments:
jvm_args: -Xmx64m -Xms64m -Dorg.gradle.appname=gradlew 
java_command: d:\Hisabkitab\android\\gradle\wrapper\gradle-wrapper.jar --version
java_class_path (initial): d:\Hisabkitab\android\\gradle\wrapper\gradle-wrapper.jar
Launcher Type: SUN_STANDARD

[Global flags]
     intx CICompilerCount                          = 4                                         {product} {ergonomic}
     uint ConcGCThreads                            = 2                                         {product} {ergonomic}
     uint G1ConcRefinementThreads                  = 8                                         {product} {ergonomic}
   size_t G1HeapRegionSize                         = 1048576                                   {product} {ergonomic}
    uintx GCDrainStackTargetSize                   = 64                                        {product} {ergonomic}
   size_t InitialHeapSize                          = 67108864                                  {product} {command line}
   size_t MarkStackSize                            = 4194304                                   {product} {ergonomic}
   size_t MaxHeapSize                              = 67108864                                  {product} {command line}
   size_t MinHeapDeltaBytes                        = 1048576                                   {product} {ergonomic}
   size_t MinHeapSize                              = 67108864                                  {product} {command line}
    uintx NonNMethodCodeHeapSize                   = 5839372                                {pd product} {ergonomic}
    uintx NonProfiledCodeHeapSize                  = 122909434                              {pd product} {ergonomic}
    uintx ProfiledCodeHeapSize                     = 122909434                              {pd product} {ergonomic}
    uintx ReservedCodeCacheSize                    = 251658240                              {pd product} {ergonomic}
     bool SegmentedCodeCache                       = true                                      {product} {ergonomic}
   size_t SoftMaxHeapSize                          = 67108864                               {manageable} {ergonomic}
     bool UseCompressedClassPointers               = true                           {product lp64_product} {ergonomic}
     bool UseCompressedOops                        = true                           {product lp64_product} {ergonomic}
     bool UseG1GC                                  = true                                      {product} {ergonomic}
     bool UseLargePagesIndividualAllocation        = false                                  {pd product} {ergonomic}

Logging:
Log output configuration:
 #0: stdout all=warning uptime,level,tags
 #1: stderr all=off uptime,level,tags

Environment Variables:
JAVA_HOME=C:\Program Files\Microsoft\jdk-17.0.15.6-hotspot
PATH=C:\Program Files\Microsoft\jdk-17.0.15.6-hotspot\bin;C:\Program Files\Common Files\Oracle\Java\javapath;C:\Program Files (x86)\Common Files\Oracle\Java\javapath;C:\Program Files\Python310\Scripts\;C:\Program Files\Python310\;C:\WINDOWS\system32;C:\WINDOWS;C:\WINDOWS\System32\Wbem;C:\WINDOWS\System32\WindowsPowerShell\v1.0\;C:\WINDOWS\System32\OpenSSH\;C:\Program Files (x86)\Microsoft SQL Server\160\Tools\Binn\;C:\Program Files\Microsoft SQL Server\160\Tools\Binn\;C:\Program Files\Microsoft SQL Server\Client SDK\ODBC\170\Tools\Binn\;C:\Program Files\Microsoft SQL Server\160\DTS\Binn\;C:\ProgramData\chocolatey\bin;C:\Program Files (x86)\Yarn\bin\;C:\Program Files\Git\cmd;C:\apache-maven-3.9.1\bin;C:\Program Files\Java\jdk-20\bin;C:\Users\HP\AppData\Roaming\Python\Python310\Scripts;C:\MinGW\bin;C:\Program Files\Android\Android Studio1\bin;C:\Users\HP\AppData\Local\Android\Sdk\platform-tools;C:\composer;C:\Program Files\nodejs\;C:\Program Files\Microsoft\jdk-17.0.15.6-hotspot\bin;C:\Users\HP\AppData\Local\Microsoft\WindowsApps;C:\Users\HP\AppData\Local\Programs\Microsoft VS Code\bin;C:\Users\HP\AppData\Local\Yarn\bin;C:\Users\HP\AppData\Local\GitHubDesktop\bin;C:\Program Files\JetBrains\IntelliJ IDEA Community Edition 2023.1.1\bin;;C:\Program Files\Android\Android Studio1\bin;C:\wamp64\bin\php\php8.1.31;C:\Users\HP\AppData\Roaming\Composer\vendor\bin;C:\Users\HP\AppData\Roaming\npm;C:\Program Files\Microsoft\jdk-17.0.15.6-hotspot\bin;
USERNAME=HP
OS=Windows_NT
PROCESSOR_IDENTIFIER=AMD64 Family 23 Model 24 Stepping 1, AuthenticAMD
TMP=C:\Users\HP\AppData\Local\Temp
TEMP=C:\Users\HP\AppData\Local\Temp



Periodic native trim disabled


---------------  S Y S T E M  ---------------

OS:
 Windows 11 , 64 bit Build 26100 (10.0.26100.4484)
OS uptime: 0 days 4:35 hours

CPU: total 8 (initial active 8) (8 cores per cpu, 2 threads per core) family 23 model 24 stepping 1 microcode 0x8108109, cx8, cmov, fxsr, ht, mmx, 3dnowpref, sse, sse2, sse3, ssse3, sse4a, sse4.1, sse4.2, popcnt, lzcnt, tsc, tscinvbit, avx, avx2, aes, clmul, bmi1, bmi2, adx, sha, fma, vzeroupper, clflush, clflushopt
Processor Information for the first 8 processors :
  Max Mhz: 2100, Current Mhz: 2100, Mhz Limit: 2100

Memory: 4k page, system-wide physical 6017M (537M free)
TotalPageFile size 24449M (AvailPageFile size 67M)
current process WorkingSet (physical memory assigned to process): 11M, peak: 11M
current process commit charge ("private bytes"): 59M, peak: 123M

vm_info: OpenJDK 64-Bit Server VM (17.0.15+6-LTS) for windows-amd64 JRE (17.0.15+6-LTS), built on Apr  9 2025 22:27:25 by "MicrosoftCorporation" with unknown MS VC++:1939

END.
